Archive member included to satisfy reference by file (symbol)

/usr/lib/gcc/arm-none-eabi/10.3.1/../../../arm-none-eabi/lib/thumb/v6-m/nofp/libstdc++.a(eh_arm.o)
                              CMakeFiles/WS2812_Example.dir/example.cpp.obj (__cxa_end_cleanup)
/usr/lib/gcc/arm-none-eabi/10.3.1/../../../arm-none-eabi/lib/thumb/v6-m/nofp/libstdc++.a(eh_aux_runtime.o)
                              CMakeFiles/WS2812_Example.dir/WS2812.cpp.obj (__cxa_throw_bad_array_new_length)
/usr/lib/gcc/arm-none-eabi/10.3.1/../../../arm-none-eabi/lib/thumb/v6-m/nofp/libstdc++.a(eh_exception.o)
                              /usr/lib/gcc/arm-none-eabi/10.3.1/../../../arm-none-eabi/lib/thumb/v6-m/nofp/libstdc++.a(eh_arm.o) (typeinfo for __cxxabiv1::__forced_unwind)
/usr/lib/gcc/arm-none-eabi/10.3.1/../../../arm-none-eabi/lib/thumb/v6-m/nofp/libstdc++.a(eh_globals.o)
                              /usr/lib/gcc/arm-none-eabi/10.3.1/../../../arm-none-eabi/lib/thumb/v6-m/nofp/libstdc++.a(eh_arm.o) (__cxa_get_globals)
/usr/lib/gcc/arm-none-eabi/10.3.1/../../../arm-none-eabi/lib/thumb/v6-m/nofp/libstdc++.a(eh_personality.o)
                              CMakeFiles/WS2812_Example.dir/example.cpp.obj (__gxx_personality_v0)
/usr/lib/gcc/arm-none-eabi/10.3.1/../../../arm-none-eabi/lib/thumb/v6-m/nofp/libstdc++.a(eh_terminate.o)
                              /usr/lib/gcc/arm-none-eabi/10.3.1/../../../arm-none-eabi/lib/thumb/v6-m/nofp/libstdc++.a(eh_arm.o) (std::terminate())
/usr/lib/gcc/arm-none-eabi/10.3.1/../../../arm-none-eabi/lib/thumb/v6-m/nofp/libstdc++.a(eh_throw.o)
                              /usr/lib/gcc/arm-none-eabi/10.3.1/../../../arm-none-eabi/lib/thumb/v6-m/nofp/libstdc++.a(eh_aux_runtime.o) (__cxa_throw)
/usr/lib/gcc/arm-none-eabi/10.3.1/../../../arm-none-eabi/lib/thumb/v6-m/nofp/libstdc++.a(eh_unex_handler.o)
                              /usr/lib/gcc/arm-none-eabi/10.3.1/../../../arm-none-eabi/lib/thumb/v6-m/nofp/libstdc++.a(eh_terminate.o) (__cxxabiv1::__unexpected_handler)
/usr/lib/gcc/arm-none-eabi/10.3.1/../../../arm-none-eabi/lib/thumb/v6-m/nofp/libstdc++.a(new_opv.o)
                              CMakeFiles/WS2812_Example.dir/WS2812.cpp.obj (operator new[](unsigned int))
/usr/lib/gcc/arm-none-eabi/10.3.1/../../../arm-none-eabi/lib/thumb/v6-m/nofp/libstdc++.a(pure.o)
                              /usr/lib/gcc/arm-none-eabi/10.3.1/../../../arm-none-eabi/lib/thumb/v6-m/nofp/libstdc++.a(eh_exception.o) (__cxa_pure_virtual)
/usr/lib/gcc/arm-none-eabi/10.3.1/../../../arm-none-eabi/lib/thumb/v6-m/nofp/libstdc++.a(si_class_type_info.o)
                              /usr/lib/gcc/arm-none-eabi/10.3.1/../../../arm-none-eabi/lib/thumb/v6-m/nofp/libstdc++.a(eh_exception.o) (vtable for __cxxabiv1::__si_class_type_info)
/usr/lib/gcc/arm-none-eabi/10.3.1/../../../arm-none-eabi/lib/thumb/v6-m/nofp/libstdc++.a(tinfo.o)
                              /usr/lib/gcc/arm-none-eabi/10.3.1/../../../arm-none-eabi/lib/thumb/v6-m/nofp/libstdc++.a(si_class_type_info.o) (std::type_info::__is_pointer_p() const)
/usr/lib/gcc/arm-none-eabi/10.3.1/../../../arm-none-eabi/lib/thumb/v6-m/nofp/libstdc++.a(bad_array_new.o)
                              /usr/lib/gcc/arm-none-eabi/10.3.1/../../../arm-none-eabi/lib/thumb/v6-m/nofp/libstdc++.a(eh_aux_runtime.o) (std::bad_array_new_length::~bad_array_new_length())
/usr/lib/gcc/arm-none-eabi/10.3.1/../../../arm-none-eabi/lib/thumb/v6-m/nofp/libstdc++.a(bad_cast.o)
                              /usr/lib/gcc/arm-none-eabi/10.3.1/../../../arm-none-eabi/lib/thumb/v6-m/nofp/libstdc++.a(eh_aux_runtime.o) (std::bad_cast::~bad_cast())
/usr/lib/gcc/arm-none-eabi/10.3.1/../../../arm-none-eabi/lib/thumb/v6-m/nofp/libstdc++.a(bad_typeid.o)
                              /usr/lib/gcc/arm-none-eabi/10.3.1/../../../arm-none-eabi/lib/thumb/v6-m/nofp/libstdc++.a(eh_aux_runtime.o) (std::bad_typeid::~bad_typeid())
/usr/lib/gcc/arm-none-eabi/10.3.1/../../../arm-none-eabi/lib/thumb/v6-m/nofp/libstdc++.a(class_type_info.o)
                              /usr/lib/gcc/arm-none-eabi/10.3.1/../../../arm-none-eabi/lib/thumb/v6-m/nofp/libstdc++.a(si_class_type_info.o) (__cxxabiv1::__class_type_info::__do_upcast(__cxxabiv1::__class_type_info const*, void**) const)
/usr/lib/gcc/arm-none-eabi/10.3.1/../../../arm-none-eabi/lib/thumb/v6-m/nofp/libstdc++.a(del_ops.o)
                              /usr/lib/gcc/arm-none-eabi/10.3.1/../../../arm-none-eabi/lib/thumb/v6-m/nofp/libstdc++.a(eh_exception.o) (operator delete(void*, unsigned int))
/usr/lib/gcc/arm-none-eabi/10.3.1/../../../arm-none-eabi/lib/thumb/v6-m/nofp/libstdc++.a(eh_alloc.o)
                              /usr/lib/gcc/arm-none-eabi/10.3.1/../../../arm-none-eabi/lib/thumb/v6-m/nofp/libstdc++.a(eh_aux_runtime.o) (__cxa_allocate_exception)
/usr/lib/gcc/arm-none-eabi/10.3.1/../../../arm-none-eabi/lib/thumb/v6-m/nofp/libstdc++.a(eh_call.o)
[...]
Memory Configuration

Name             Origin             Length             Attributes
FLASH            0x0000000010000000 0x0000000000200000 xr
RAM              0x0000000020000000 0x0000000000040000 xrw
SCRATCH_X        0x0000000020040000 0x0000000000001000 xrw
SCRATCH_Y        0x0000000020041000 0x0000000000001000 xrw
*default*        0x0000000000000000 0xffffffffffffffff

Linker script and memory map

LOAD /usr/lib/gcc/arm-none-eabi/10.3.1/thumb/v6-m/nofp/crti.o
LOAD /usr/lib/gcc/arm-none-eabi/10.3.1/thumb/v6-m/nofp/crtbegin.o
LOAD /usr/lib/gcc/arm-none-eabi/10.3.1/../../../arm-none-eabi/lib/thumb/v6-m/nofp/crt0.o

.flash_begin    0x0000000010000000        0x0
                0x0000000010000000                __flash_binary_start = .

.boot2          0x0000000010000000      0x100
                0x0000000010000000                __boot2_start__ = .
 *(.boot2)
 .boot2         0x0000000010000000      0x100 /tmp/ccik4YCb.o
                0x0000000010000100                __boot2_end__ = .
                0x0000000000000001                ASSERT (((__boot2_end__ - __boot2_start__) == 0x100), ERROR: Pico second stage bootloader must be 256 bytes in size)

.text           0x0000000010000100     0x8ec0
                0x0000000010000100                __logical_binary_start = .
 *(.vectors)
 .vectors       0x0000000010000100       0xd4 CMakeFiles/WS2812_Example.dir/home/tarnished-dan22/RTOS_SP2023/pico/pico-sdk/src/rp2_common/pico_standard_link/crt0.S.obj
                0x0000000010000100                __vectors
                0x0000000010000100                __VECTOR_TABLE
                0x00000000100001c0                isr_invalid
                0x00000000100001c0                __default_isrs_start
                0x00000000100001c2                isr_nmi
                0x00000000100001c4                isr_hardfault
                0x00000000100001c6                isr_svcall
                0x00000000100001c8                isr_pendsv
                0x00000000100001ca                isr_systick
                0x00000000100001cc                isr_irq30
                0x00000000100001cc                __unhandled_user_irq
                0x00000000100001cc                isr_irq13
                0x00000000100001cc                isr_irq27
                0x00000000100001cc                isr_irq31
                0x00000000100001cc                isr_irq5
                0x00000000100001cc                isr_irq11
                0x00000000100001cc                isr_irq23
                0x00000000100001cc                isr_irq18
                0x00000000100001cc                isr_irq28
                0x00000000100001cc                isr_irq19
                0x00000000100001cc                isr_irq0
                0x00000000100001cc                isr_irq6
                0x00000000100001cc                isr_irq22
                0x00000000100001cc                isr_irq17
                0x00000000100001cc                isr_irq14
                0x00000000100001cc                isr_irq2
                0x00000000100001cc                isr_irq10
                0x00000000100001cc                isr_irq8
                0x00000000100001cc                isr_irq24
                0x00000000100001cc                isr_irq1
                0x00000000100001cc                isr_irq7
                0x00000000100001cc                isr_irq21
                0x00000000100001cc                isr_irq20
                0x00000000100001cc                isr_irq15
                0x00000000100001cc                isr_irq25
                0x00000000100001cc                isr_irq4
                0x00000000100001cc                isr_irq16
                0x00000000100001cc                isr_irq29
                0x00000000100001cc                isr_irq26
                0x00000000100001cc                __default_isrs_end
                0x00000000100001cc                isr_irq3
                0x00000000100001cc                isr_irq12
                0x00000000100001cc                isr_irq9
                0x00000000100001d2                unhandled_user_irq_num_in_r0
 *(.binary_info_header)
 .binary_info_header
                0x00000000100001d4       0x14 CMakeFiles/WS2812_Example.dir/home/tarnished-dan22/RTOS_SP2023/pico/pico-sdk/src/rp2_common/pico_standard_link/crt0.S.obj
                0x00000000100001e8                __binary_info_header_end = .
 *(.reset)
 .reset         0x00000000100001e8       0xa0 CMakeFiles/WS2812_Example.dir/home/tarnished-dan22/RTOS_SP2023/pico/pico-sdk/src/rp2_common/pico_standard_link/crt0.S.obj
                0x00000000100001e8                _entry_point
 .reset         0x0000000010000288       0x30 CMakeFiles/WS2812_Example.dir/home/tarnished-dan22/RTOS_SP2023/pico/pico-sdk/src/rp2_common/pico_standard_link/binary_info.c.obj
 *(.init)
 .init          0x00000000100002b8        0x4 /usr/lib/gcc/arm-none-eabi/10.3.1/thumb/v6-m/nofp/crti.o
                0x00000000100002b8                _init
 *(EXCLUDE_FILE(*libm.a: *libc.a:*lib_a-mem*.o *libgcc.a:) .text*)
 .text          0x00000000100002bc       0x98 /usr/lib/gcc/arm-none-eabi/10.3.1/thumb/v6-m/nofp/crtbegin.o
 .text.startup.main
                0x0000000010000354      0x118 CMakeFiles/WS2812_Example.dir/example.cpp.obj
                0x0000000010000354                main
 .text._ZN6WS2812D2Ev
                0x000000001000046c        0x4 CMakeFiles/WS2812_Example.dir/WS2812.cpp.obj
                0x000000001000046c                WS2812::~WS2812()
                0x000000001000046c                WS2812::~WS2812()
 .text._ZN6WS281210initializeEjjP8pio_hw_tjNS_8DataByteES2_S2_S2_
                0x0000000010000470      0x12c CMakeFiles/WS2812_Example.dir/WS2812.cpp.obj
                0x0000000010000470                WS2812::initialize(unsigned int, unsigned int, pio_hw_t*, unsigned int, WS2812::DataByte, WS2812::DataByte, WS2812::DataByte, WS2812::DataByte)
 .text._ZN6WS2812C2EjjP8pio_hw_tjNS_10DataFormatE
                0x000000001000059c       0x68 CMakeFiles/WS2812_Example.dir/WS2812.cpp.obj
                0x000000001000059c                WS2812::WS2812(unsigned int, unsigned int, pio_hw_t*, unsigned int, WS2812::DataFormat)
                0x000000001000059c                WS2812::WS2812(unsigned int, unsigned int, pio_hw_t*, unsigned int, WS2812::DataFormat)
 .text._ZN6WS281213setPixelColorEjm
                0x0000000010000604      0x104 CMakeFiles/WS2812_Example.dir/WS2812.cpp.obj
                0x0000000010000604                WS2812::setPixelColor(unsigned int, unsigned long)
 .text._ZN6WS28124fillEm
                0x0000000010000708      0x154 CMakeFiles/WS2812_Example.dir/WS2812.cpp.obj
                0x0000000010000708                WS2812::fill(unsigned long)
 .text._ZN6WS28124fillEmj
                0x000000001000085c      0x184 CMakeFiles/WS2812_Example.dir/WS2812.cpp.obj
                0x000000001000085c                WS2812::fill(unsigned long, unsigned int)
 .text._ZN6WS28124fillEmjj
                0x00000000100009e0      0x188 CMakeFiles/WS2812_Example.dir/WS2812.cpp.obj
                0x00000000100009e0                WS2812::fill(unsigned long, unsigned int, unsigned int)
 .text._ZN6WS28124showEv
                0x0000000010000b68       0x30 CMakeFiles/WS2812_Example.dir/WS2812.cpp.obj
                0x0000000010000b68                WS2812::show()
 .text.gpio_set_function
                0x0000000010000b98       0x30 CMakeFiles/WS2812_Example.dir/home/tarnished-dan22/RTOS_SP2023/pico/pico-sdk/src/rp2_common/hardware_gpio/gpio.c.obj
                0x0000000010000b98                gpio_set_function
 .text.running_on_fpga
                0x0000000010000bc8       0x10 CMakeFiles/WS2812_Example.dir/home/tarnished-dan22/RTOS_SP2023/pico/pico-sdk/src/rp2_common/pico_platform/platform.c.obj
                0x0000000010000bc8                running_on_fpga
 .text.hw_claim_lock
                0x0000000010000bd8       0x18 CMakeFiles/WS2812_Example.dir/home/tarnished-dan22/RTOS_SP2023/pico/pico-sdk/src/rp2_common/hardware_claim/claim.c.obj
                0x0000000010000bd8                hw_claim_lock
 .text.hw_claim_unlock
                0x0000000010000bf0       0x14 CMakeFiles/WS2812_Example.dir/home/tarnished-dan22/RTOS_SP2023/pico/pico-sdk/src/rp2_common/hardware_claim/claim.c.obj
                0x0000000010000bf0                hw_claim_unlock
 .text.hw_claim_or_assert
                0x0000000010000c04       0x44 CMakeFiles/WS2812_Example.dir/home/tarnished-dan22/RTOS_SP2023/pico/pico-sdk/src/rp2_common/hardware_claim/claim.c.obj
                0x0000000010000c04                hw_claim_or_assert
 .text.hw_claim_unused_from_range
                0x0000000010000c48       0x9c CMakeFiles/WS2812_Example.dir/home/tarnished-dan22/RTOS_SP2023/pico/pico-sdk/src/rp2_common/hardware_claim/claim.c.obj
                0x0000000010000c48                hw_claim_unused_from_range
 .text.spin_locks_reset
                0x0000000010000ce4       0x1c CMakeFiles/WS2812_Example.dir/home/tarnished-dan22/RTOS_SP2023/pico/pico-sdk/src/rp2_common/hardware_sync/sync.c.obj
                0x0000000010000ce4                spin_locks_reset
 .text.next_striped_spin_lock_num
                0x0000000010000d00       0x18 CMakeFiles/WS2812_Example.dir/home/tarnished-dan22/RTOS_SP2023/pico/pico-sdk/src/rp2_common/hardware_sync/sync.c.obj
                0x0000000010000d00                next_striped_spin_lock_num
 .text.spin_lock_claim_unused
                0x0000000010000d18       0x20 CMakeFiles/WS2812_Example.dir/home/tarnished-dan22/RTOS_SP2023/pico/pico-sdk/src/rp2_common/hardware_sync/sync.c.obj
                0x0000000010000d18                spin_lock_claim_unused
 .text.irq_set_enabled
                0x0000000010000d38       0x24 CMakeFiles/WS2812_Example.dir/home/tarnished-dan22/RTOS_SP2023/pico/pico-sdk/src/rp2_common/hardware_irq/irq.c.obj
                0x0000000010000d38                irq_set_enabled
 .text.irq_set_pending
                0x0000000010000d5c       0x10 CMakeFiles/WS2812_Example.dir/home/tarnished-dan22/RTOS_SP2023/pico/pico-sdk/src/rp2_common/hardware_irq/irq.c.obj
                0x0000000010000d5c                irq_set_pending
 .text.irq_has_shared_handler
                0x0000000010000d6c       0x2c CMakeFiles/WS2812_Example.dir/home/tarnished-dan22/RTOS_SP2023/pico/pico-sdk/src/rp2_common/hardware_irq/irq.c.obj
                0x0000000010000d6c                irq_has_shared_handler
 .text.irq_get_vtable_handler
                0x0000000010000d98       0x10 CMakeFiles/WS2812_Example.dir/home/tarnished-dan22/RTOS_SP2023/pico/pico-sdk/src/rp2_common/hardware_irq/irq.c.obj
                0x0000000010000d98                irq_get_vtable_handler
 .text.irq_set_exclusive_handler
                0x0000000010000da8       0x54 CMakeFiles/WS2812_Example.dir/home/tarnished-dan22/RTOS_SP2023/pico/pico-sdk/src/rp2_common/hardware_irq/irq.c.obj
                0x0000000010000da8                irq_set_exclusive_handler
 .text.irq_add_shared_handler
                0x0000000010000dfc      0x1e8 CMakeFiles/WS2812_Example.dir/home/tarnished-dan22/RTOS_SP2023/pico/pico-sdk/src/rp2_common/hardware_irq/irq.c.obj
                0x0000000010000dfc                irq_add_shared_handler
 .text.irq_remove_handler
                0x0000000010000fe4      0x1b0 CMakeFiles/WS2812_Example.dir/home/tarnished-dan22/RTOS_SP2023/pico/pico-sdk/src/rp2_common/hardware_irq/irq.c.obj
                0x0000000010000fe4                irq_remove_handler
 .text.irq_add_tail_to_free_list
                0x0000000010001194       0xb4 CMakeFiles/WS2812_Example.dir/home/tarnished-dan22/RTOS_SP2023/pico/pico-sdk/src/rp2_common/hardware_irq/irq.c.obj
                0x0000000010001194                irq_add_tail_to_free_list
 .text.irq_init_priorities
                0x0000000010001248       0x24 CMakeFiles/WS2812_Example.dir/home/tarnished-dan22/RTOS_SP2023/pico/pico-sdk/src/rp2_common/hardware_irq/irq.c.obj
                0x0000000010001248                irq_init_priorities
 .text.user_irq_claim_unused
                0x000000001000126c       0x28 CMakeFiles/WS2812_Example.dir/home/tarnished-dan22/RTOS_SP2023/pico/pico-sdk/src/rp2_common/hardware_irq/irq.c.obj
                0x000000001000126c                user_irq_claim_unused
 .text.lock_init
                0x0000000010001294       0x10 CMakeFiles/WS2812_Example.dir/home/tarnished-dan22/RTOS_SP2023/pico/pico-sdk/src/common/pico_sync/lock_core.c.obj
                0x0000000010001294                lock_init
 .text.mutex_init
                0x00000000100012a4       0x1c CMakeFiles/WS2812_Example.dir/home/tarnished-dan22/RTOS_SP2023/pico/pico-sdk/src/common/pico_sync/mutex.c.obj
                0x00000000100012a4                mutex_init
 .text.recursive_mutex_init
                0x00000000100012c0       0x1c CMakeFiles/WS2812_Example.dir/home/tarnished-dan22/RTOS_SP2023/pico/pico-sdk/src/common/pico_sync/mutex.c.obj
                0x00000000100012c0                recursive_mutex_init
 .text.critical_section_init
                0x00000000100012dc       0x20 CMakeFiles/WS2812_Example.dir/home/tarnished-dan22/RTOS_SP2023/pico/pico-sdk/src/common/pico_sync/critical_section.c.obj
                0x00000000100012dc                critical_section_init
 .text.critical_section_init_with_lock_num
                0x00000000100012fc       0x14 CMakeFiles/WS2812_Example.dir/home/tarnished-dan22/RTOS_SP2023/pico/pico-sdk/src/common/pico_sync/critical_section.c.obj
                0x00000000100012fc                critical_section_init_with_lock_num
 .text.timer_pool_entry_comparator
                0x0000000010001310       0x34 CMakeFiles/WS2812_Example.dir/home/tarnished-dan22/RTOS_SP2023/pico/pico-sdk/src/common/pico_time/time.c.obj
                0x0000000010001310                timer_pool_entry_comparator
 .text.sleep_until_callback
                0x0000000010001344       0x30 CMakeFiles/WS2812_Example.dir/home/tarnished-dan22/RTOS_SP2023/pico/pico-sdk/src/common/pico_time/time.c.obj
 .text.add_alarm_under_lock.isra.0
                0x0000000010001374      0x100 CMakeFiles/WS2812_Example.dir/home/tarnished-dan22/RTOS_SP2023/pico/pico-sdk/src/common/pico_time/time.c.obj
 .text.alarm_pool_alarm_callback
                0x0000000010001474      0x1b8 CMakeFiles/WS2812_Example.dir/home/tarnished-dan22/RTOS_SP2023/pico/pico-sdk/src/common/pico_time/time.c.obj
 .text.alarm_pool_init_default
                0x000000001000162c       0x6c CMakeFiles/WS2812_Example.dir/home/tarnished-dan22/RTOS_SP2023/pico/pico-sdk/src/common/pico_time/time.c.obj
                0x000000001000162c                alarm_pool_init_default
 .text.alarm_pool_get_default
                0x0000000010001698        0x8 CMakeFiles/WS2812_Example.dir/home/tarnished-dan22/RTOS_SP2023/pico/pico-sdk/src/common/pico_time/time.c.obj
                0x0000000010001698                alarm_pool_get_default
 .text.alarm_pool_add_alarm_at
                0x00000000100016a0      0x17c CMakeFiles/WS2812_Example.dir/home/tarnished-dan22/RTOS_SP2023/pico/pico-sdk/src/common/pico_time/time.c.obj
                0x00000000100016a0                alarm_pool_add_alarm_at
 .text.alarm_pool_cancel_alarm
                0x000000001000181c       0x74 CMakeFiles/WS2812_Example.dir/home/tarnished-dan22/RTOS_SP2023/pico/pico-sdk/src/common/pico_time/time.c.obj
                0x000000001000181c                alarm_pool_cancel_alarm
 .text.alarm_pool_core_num
                0x0000000010001890        0x4 CMakeFiles/WS2812_Example.dir/home/tarnished-dan22/RTOS_SP2023/pico/pico-sdk/src/common/pico_time/time.c.obj
                0x0000000010001890                alarm_pool_core_num
 .text.sleep_until
                0x0000000010001894       0xc4 CMakeFiles/WS2812_Example.dir/home/tarnished-dan22/RTOS_SP2023/pico/pico-sdk/src/common/pico_time/time.c.obj
                0x0000000010001894                sleep_until
 .text.sleep_ms
                0x0000000010001958       0x34 CMakeFiles/WS2812_Example.dir/home/tarnished-dan22/RTOS_SP2023/pico/pico-sdk/src/common/pico_time/time.c.obj
                0x0000000010001958                sleep_ms
 .text.best_effort_wfe_or_timeout
                0x000000001000198c       0x78 CMakeFiles/WS2812_Example.dir/home/tarnished-dan22/RTOS_SP2023/pico/pico-sdk/src/common/pico_time/time.c.obj
                0x000000001000198c                best_effort_wfe_or_timeout
 .text.hardware_alarm_irq_handler
                0x0000000010001a04       0xbc CMakeFiles/WS2812_Example.dir/home/tarnished-dan22/RTOS_SP2023/pico/pico-sdk/src/rp2_common/hardware_timer/timer.c.obj
 .text.hardware_alarm_claim
                0x0000000010001ac0       0x18 CMakeFiles/WS2812_Example.dir/home/tarnished-dan22/RTOS_SP2023/pico/pico-sdk/src/rp2_common/hardware_timer/timer.c.obj
                0x0000000010001ac0                hardware_alarm_claim
 .text.time_us_64
                0x0000000010001ad8       0x14 CMakeFiles/WS2812_Example.dir/home/tarnished-dan22/RTOS_SP2023/pico/pico-sdk/src/rp2_common/hardware_timer/timer.c.obj
                0x0000000010001ad8                time_us_64
 .text.busy_wait_until
                0x0000000010001aec       0x20 CMakeFiles/WS2812_Example.dir/home/tarnished-dan22/RTOS_SP2023/pico/pico-sdk/src/rp2_common/hardware_timer/timer.c.obj
                0x0000000010001aec                busy_wait_until
 .text.hardware_alarm_set_callback
                0x0000000010001b0c       0x8c CMakeFiles/WS2812_Example.dir/home/tarnished-dan22/RTOS_SP2023/pico/pico-sdk/src/rp2_common/hardware_timer/timer.c.obj
                0x0000000010001b0c                hardware_alarm_set_callback
 .text.hardware_alarm_set_target
                0x0000000010001b98       0xe0 CMakeFiles/WS2812_Example.dir/home/tarnished-dan22/RTOS_SP2023/pico/pico-sdk/src/rp2_common/hardware_timer/timer.c.obj
                0x0000000010001b98                hardware_alarm_set_target
 .text.hardware_alarm_cancel
                0x0000000010001c78       0x3c CMakeFiles/WS2812_Example.dir/home/tarnished-dan22/RTOS_SP2023/pico/pico-sdk/src/rp2_common/hardware_timer/timer.c.obj
                0x0000000010001c78                hardware_alarm_cancel
 .text.ph_merge_nodes
                0x0000000010001cb4       0x68 CMakeFiles/WS2812_Example.dir/home/tarnished-dan22/RTOS_SP2023/pico/pico-sdk/src/common/pico_util/pheap.c.obj
 .text.ph_post_alloc_init
                0x0000000010001d1c       0x3c CMakeFiles/WS2812_Example.dir/home/tarnished-dan22/RTOS_SP2023/pico/pico-sdk/src/common/pico_util/pheap.c.obj
                0x0000000010001d1c                ph_post_alloc_init
 .text.ph_merge_two_pass
                0x0000000010001d58       0x90 CMakeFiles/WS2812_Example.dir/home/tarnished-dan22/RTOS_SP2023/pico/pico-sdk/src/common/pico_util/pheap.c.obj
                0x0000000010001d58                ph_merge_two_pass
 .text.ph_remove_any_head
                0x0000000010001de8      0x100 CMakeFiles/WS2812_Example.dir/home/tarnished-dan22/RTOS_SP2023/pico/pico-sdk/src/common/pico_util/pheap.c.obj
 .text.ph_remove_head
                0x0000000010001ee8      0x104 CMakeFiles/WS2812_Example.dir/home/tarnished-dan22/RTOS_SP2023/pico/pico-sdk/src/common/pico_util/pheap.c.obj
                0x0000000010001ee8                ph_remove_head
 .text.ph_remove_and_free_node
                0x0000000010001fec       0x7c CMakeFiles/WS2812_Example.dir/home/tarnished-dan22/RTOS_SP2023/pico/pico-sdk/src/common/pico_util/pheap.c.obj
                0x0000000010001fec                ph_remove_and_free_node
 .text.uart_init
                0x0000000010002068       0xe0 CMakeFiles/WS2812_Example.dir/home/tarnished-dan22/RTOS_SP2023/pico/pico-sdk/src/rp2_common/hardware_uart/uart.c.obj
                0x0000000010002068                uart_init
 .text.clocks_init
                0x0000000010002148      0x2bc CMakeFiles/WS2812_Example.dir/home/tarnished-dan22/RTOS_SP2023/pico/pico-sdk/src/rp2_common/hardware_clocks/clocks.c.obj
                0x0000000010002148                clocks_init
 .text.clock_get_hz
                0x0000000010002404        0xc CMakeFiles/WS2812_Example.dir/home/tarnished-dan22/RTOS_SP2023/pico/pico-sdk/src/rp2_common/hardware_clocks/clocks.c.obj
                0x0000000010002404                clock_get_hz
 .text.pll_init
                0x0000000010002410       0xb0 CMakeFiles/WS2812_Example.dir/home/tarnished-dan22/RTOS_SP2023/pico/pico-sdk/src/rp2_common/hardware_pll/pll.c.obj
                0x0000000010002410                pll_init
 .text.watchdog_start_tick
                0x00000000100024c0       0x10 CMakeFiles/WS2812_Example.dir/home/tarnished-dan22/RTOS_SP2023/pico/pico-sdk/src/rp2_common/hardware_watchdog/watchdog.c.obj
                0x00000000100024c0                watchdog_start_tick
 .text.watchdog_reboot
                0x00000000100024d0       0x98 CMakeFiles/WS2812_Example.dir/home/tarnished-dan22/RTOS_SP2023/pico/pico-sdk/src/rp2_common/hardware_watchdog/watchdog.c.obj
                0x00000000100024d0                watchdog_reboot
 .text.xosc_init
                0x0000000010002568       0x28 CMakeFiles/WS2812_Example.dir/home/tarnished-dan22/RTOS_SP2023/pico/pico-sdk/src/rp2_common/hardware_xosc/xosc.c.obj
                0x0000000010002568                xosc_init
 .text.runtime_init
                0x0000000010002590       0xf0 CMakeFiles/WS2812_Example.dir/home/tarnished-dan22/RTOS_SP2023/pico/pico-sdk/src/rp2_common/pico_runtime/runtime.c.obj
                0x0000000010002590                runtime_init
 .text._exit    0x0000000010002680        0x4 CMakeFiles/WS2812_Example.dir/home/tarnished-dan22/RTOS_SP2023/pico/pico-sdk/src/rp2_common/pico_runtime/runtime.c.obj
                0x0000000010002680                _exit
 .text._sbrk    0x0000000010002684       0x34 CMakeFiles/WS2812_Example.dir/home/tarnished-dan22/RTOS_SP2023/pico/pico-sdk/src/rp2_common/pico_runtime/runtime.c.obj
                0x0000000010002684                _sbrk
 .text._getpid  0x00000000100026b8        0x4 CMakeFiles/WS2812_Example.dir/home/tarnished-dan22/RTOS_SP2023/pico/pico-sdk/src/rp2_common/pico_runtime/runtime.c.obj
                0x00000000100026b8                _getpid
 .text._kill    0x00000000100026bc        0x8 CMakeFiles/WS2812_Example.dir/home/tarnished-dan22/RTOS_SP2023/pico/pico-sdk/src/rp2_common/pico_runtime/runtime.c.obj
                0x00000000100026bc                _kill
 .text.exit     0x00000000100026c4        0x8 CMakeFiles/WS2812_Example.dir/home/tarnished-dan22/RTOS_SP2023/pico/pico-sdk/src/rp2_common/pico_runtime/runtime.c.obj
                0x00000000100026c4                exit
 .text.panic    0x00000000100026cc       0x30 CMakeFiles/WS2812_Example.dir/home/tarnished-dan22/RTOS_SP2023/pico/pico-sdk/src/rp2_common/pico_runtime/runtime.c.obj
                0x00000000100026cc                panic
 .text.hard_assertion_failure
                0x00000000100026fc        0xc CMakeFiles/WS2812_Example.dir/home/tarnished-dan22/RTOS_SP2023/pico/pico-sdk/src/rp2_common/pico_runtime/runtime.c.obj
                0x00000000100026fc                hard_assertion_failure
 .text._out_null
                0x0000000010002708        0x4 CMakeFiles/WS2812_Example.dir/home/tarnished-dan22/RTOS_SP2023/pico/pico-sdk/src/rp2_common/pico_printf/printf.c.obj
 .text._out_rev
                0x000000001000270c       0x9c CMakeFiles/WS2812_Example.dir/home/tarnished-dan22/RTOS_SP2023/pico/pico-sdk/src/rp2_common/pico_printf/printf.c.obj
 .text._ntoa_format
                0x00000000100027a8      0x1cc CMakeFiles/WS2812_Example.dir/home/tarnished-dan22/RTOS_SP2023/pico/pico-sdk/src/rp2_common/pico_printf/printf.c.obj
 .text._out_char
                0x0000000010002974       0x10 CMakeFiles/WS2812_Example.dir/home/tarnished-dan22/RTOS_SP2023/pico/pico-sdk/src/rp2_common/pico_printf/printf.c.obj
 .text._out_fct
                0x0000000010002984       0x10 CMakeFiles/WS2812_Example.dir/home/tarnished-dan22/RTOS_SP2023/pico/pico-sdk/src/rp2_common/pico_printf/printf.c.obj
 .text._etoa    0x0000000010002994      0x44c CMakeFiles/WS2812_Example.dir/home/tarnished-dan22/RTOS_SP2023/pico/pico-sdk/src/rp2_common/pico_printf/printf.c.obj
 .text._ftoa    0x0000000010002de0      0x398 CMakeFiles/WS2812_Example.dir/home/tarnished-dan22/RTOS_SP2023/pico/pico-sdk/src/rp2_common/pico_printf/printf.c.obj
 .text._vsnprintf
                0x0000000010003178      0xb04 CMakeFiles/WS2812_Example.dir/home/tarnished-dan22/RTOS_SP2023/pico/pico-sdk/src/rp2_common/pico_printf/printf.c.obj
 .text.vfctprintf
                0x0000000010003c7c       0x20 CMakeFiles/WS2812_Example.dir/home/tarnished-dan22/RTOS_SP2023/pico/pico-sdk/src/rp2_common/pico_printf/printf.c.obj
                0x0000000010003c7c                vfctprintf
 .text.weak_raw_vprintf
                0x0000000010003c9c       0x30 CMakeFiles/WS2812_Example.dir/home/tarnished-dan22/RTOS_SP2023/pico/pico-sdk/src/rp2_common/pico_printf/printf.c.obj
                0x0000000010003c9c                weak_raw_vprintf
 .text          0x0000000010003ccc       0x10 CMakeFiles/WS2812_Example.dir/home/tarnished-dan22/RTOS_SP2023/pico/pico-sdk/src/rp2_common/pico_bit_ops/bit_ops_aeabi.S.obj
 .text.rom_func_lookup
                0x0000000010003cdc       0x10 CMakeFiles/WS2812_Example.dir/home/tarnished-dan22/RTOS_SP2023/pico/pico-sdk/src/rp2_common/pico_bootrom/bootrom.c.obj
                0x0000000010003cdc                rom_func_lookup
 .text.rom_data_lookup
                0x0000000010003cec       0x10 CMakeFiles/WS2812_Example.dir/home/tarnished-dan22/RTOS_SP2023/pico/pico-sdk/src/rp2_common/pico_bootrom/bootrom.c.obj
                0x0000000010003cec                rom_data_lookup
 .text.rom_funcs_lookup
                0x0000000010003cfc       0x44 CMakeFiles/WS2812_Example.dir/home/tarnished-dan22/RTOS_SP2023/pico/pico-sdk/src/rp2_common/pico_bootrom/bootrom.c.obj
                0x0000000010003cfc                rom_funcs_lookup
 .text.__wrap___aeabi_idiv
                0x0000000010003d40       0x50 CMakeFiles/WS2812_Example.dir/home/tarnished-dan22/RTOS_SP2023/pico/pico-sdk/src/rp2_common/pico_divider/divider.S.obj
                0x0000000010003d40                __wrap___aeabi_idivmod
                0x0000000010003d40                divmod_s32s32
                0x0000000010003d40                div_s32s32
                0x0000000010003d40                __wrap___aeabi_idiv
                0x0000000010003d48                divmod_s32s32_unsafe
                0x0000000010003d74                divmod_s32s32_savestate
 .text.__wrap___aeabi_uidiv
                0x0000000010003d90       0x4c CMakeFiles/WS2812_Example.dir/home/tarnished-dan22/RTOS_SP2023/pico/pico-sdk/src/rp2_common/pico_divider/divider.S.obj
                0x0000000010003d90                __wrap___aeabi_uidiv
                0x0000000010003d90                __wrap___aeabi_uidivmod
                0x0000000010003d90                div_u32u32
                0x0000000010003d90                divmod_u32u32
                0x0000000010003d98                divmod_u32u32_unsafe
                0x0000000010003dc0                divmod_u32u32_savestate
 .text.__wrap___aeabi_ldiv
                0x0000000010003ddc      0x424 CMakeFiles/WS2812_Example.dir/home/tarnished-dan22/RTOS_SP2023/pico/pico-sdk/src/rp2_common/pico_divider/divider.S.obj
                0x0000000010003ddc                div_s64s64
                0x0000000010003ddc                divmod_s64s64
                0x0000000010003ddc                __wrap___aeabi_ldivmod
                0x0000000010003e0c                div_u64u64
                0x0000000010003e0c                divmod_u64u64
                0x0000000010003e0c                __wrap___aeabi_uldivmod
                0x0000000010003e1c                divmod_u64u64_savestate
                0x0000000010003e3c                divmod_s64s64_unsafe
                0x0000000010003ec4                divmod_u64u64_unsafe
 .text.__wrap___aeabi_darithmetic
                0x0000000010004200       0x60 CMakeFiles/WS2812_Example.dir/home/tarnished-dan22/RTOS_SP2023/pico/pico-sdk/src/rp2_common/pico_double/double_aeabi.S.obj
                0x0000000010004200                __wrap___aeabi_drsub
                0x0000000010004206                __wrap___aeabi_dsub
                0x0000000010004210                __wrap___aeabi_dadd
                0x000000001000421a                __wrap___aeabi_ddiv
                0x000000001000424e                __wrap___aeabi_dmul
 .text.__wrap___aeabi_cdcmple
                0x0000000010004260       0x6c CMakeFiles/WS2812_Example.dir/home/tarnished-dan22/RTOS_SP2023/pico/pico-sdk/src/rp2_common/pico_double/double_aeabi.S.obj
                0x0000000010004260                __wrap___aeabi_cdrcmple
                0x0000000010004270                __wrap___aeabi_cdcmple
                0x0000000010004270                __wrap___aeabi_cdcmpeq
 .text.__wrap___aeabi_dcmplt
                0x00000000100042cc        0xc CMakeFiles/WS2812_Example.dir/home/tarnished-dan22/RTOS_SP2023/pico/pico-sdk/src/rp2_common/pico_double/double_aeabi.S.obj
                0x00000000100042cc                __wrap___aeabi_dcmplt
 .text.__wrap___aeabi_dcmple
                0x00000000100042d8       0x10 CMakeFiles/WS2812_Example.dir/home/tarnished-dan22/RTOS_SP2023/pico/pico-sdk/src/rp2_common/pico_double/double_aeabi.S.obj
                0x00000000100042d8                __wrap___aeabi_dcmple
 .text.__wrap___aeabi_dcmpge
                0x00000000100042e8       0x10 CMakeFiles/WS2812_Example.dir/home/tarnished-dan22/RTOS_SP2023/pico/pico-sdk/src/rp2_common/pico_double/double_aeabi.S.obj
                0x00000000100042e8                __wrap___aeabi_dcmpge
 .text.__wrap___aeabi_dcmpgt
                0x00000000100042f8        0xa CMakeFiles/WS2812_Example.dir/home/tarnished-dan22/RTOS_SP2023/pico/pico-sdk/src/rp2_common/pico_double/double_aeabi.S.obj
                0x00000000100042f8                __wrap___aeabi_dcmpgt
 .text.__wrap___aeabi_dcmpun
                0x0000000010004302       0x1c CMakeFiles/WS2812_Example.dir/home/tarnished-dan22/RTOS_SP2023/pico/pico-sdk/src/rp2_common/pico_double/double_aeabi.S.obj
                0x0000000010004302                __wrap___aeabi_dcmpun
 *fill*         0x000000001000431e        0x2 
 .text.__wrap___aeabi_i2d
                0x0000000010004320       0x38 CMakeFiles/WS2812_Example.dir/home/tarnished-dan22/RTOS_SP2023/pico/pico-sdk/src/rp2_common/pico_double/double_aeabi.S.obj
                0x0000000010004320                __wrap___aeabi_ui2d
                0x0000000010004328                __wrap___aeabi_i2d
 .text.__wrap___aeabi_d2iz
                0x0000000010004358       0x48 CMakeFiles/WS2812_Example.dir/home/tarnished-dan22/RTOS_SP2023/pico/pico-sdk/src/rp2_common/pico_double/double_aeabi.S.obj
                0x0000000010004358                __wrap___aeabi_d2iz
                0x0000000010004358                double2int_z
 .text.__wrap___aeabi_d2uiz
                0x00000000100043a0       0x10 CMakeFiles/WS2812_Example.dir/home/tarnished-dan22/RTOS_SP2023/pico/pico-sdk/src/rp2_common/pico_double/double_aeabi.S.obj
                0x00000000100043a0                double2uint
                0x00000000100043a0                __wrap___aeabi_d2uiz
 .text.missing_double_func_shim
                0x00000000100043b0        0xc CMakeFiles/WS2812_Example.dir/home/tarnished-dan22/RTOS_SP2023/pico/pico-sdk/src/rp2_common/pico_double/double_init_rom.c.obj
 .text.__aeabi_double_init
                0x00000000100043bc       0x98 CMakeFiles/WS2812_Example.dir/home/tarnished-dan22/RTOS_SP2023/pico/pico-sdk/src/rp2_common/pico_double/double_init_rom.c.obj
                0x00000000100043bc                __aeabi_double_init
 .text.double_table_shim_on_use_helper
                0x0000000010004454       0x2c CMakeFiles/WS2812_Example.dir/home/tarnished-dan22/RTOS_SP2023/pico/pico-sdk/src/rp2_common/pico_double/double_v1_rom_shim.S.obj
                0x0000000010004454                double_table_shim_on_use_helper
 .text.__aeabi_lmul
                0x0000000010004480       0x32 CMakeFiles/WS2812_Example.dir/home/tarnished-dan22/RTOS_SP2023/pico/pico-sdk/src/rp2_common/pico_int64_ops/pico_int64_ops_aeabi.S.obj
                0x0000000010004480                __wrap___aeabi_lmul
 *fill*         0x00000000100044b2        0x2 
 .text.__wrap___aeabi_farithmetic
                0x00000000100044b4       0x48 CMakeFiles/WS2812_Example.dir/home/tarnished-dan22/RTOS_SP2023/pico/pico-sdk/src/rp2_common/pico_float/float_aeabi.S.obj
                0x00000000100044b4                __wrap___aeabi_frsub
                0x00000000100044ba                __wrap___aeabi_fsub
                0x00000000100044c0                __wrap___aeabi_fadd
                0x00000000100044c6                __wrap___aeabi_fdiv
                0x00000000100044ee                __wrap___aeabi_fmul
 .text.__wrap___aeabi_ui2f
                0x00000000100044fc        0xa CMakeFiles/WS2812_Example.dir/home/tarnished-dan22/RTOS_SP2023/pico/pico-sdk/src/rp2_common/pico_float/float_aeabi.S.obj
                0x00000000100044fc                __wrap___aeabi_ui2f
 *fill*         0x0000000010004506        0x2 
 .text.__wrap___aeabi_i2f
                0x0000000010004508       0x44 CMakeFiles/WS2812_Example.dir/home/tarnished-dan22/RTOS_SP2023/pico/pico-sdk/src/rp2_common/pico_float/float_aeabi.S.obj
                0x0000000010004508                __wrap___aeabi_i2f
 .text.__wrap___aeabi_f2uiz
                0x000000001000454c        0xc CMakeFiles/WS2812_Example.dir/home/tarnished-dan22/RTOS_SP2023/pico/pico-sdk/src/rp2_common/pico_float/float_aeabi.S.obj
                0x000000001000454c                __wrap___aeabi_f2uiz
 .text.missing_float_func_shim
                0x0000000010004558        0xc CMakeFiles/WS2812_Example.dir/home/tarnished-dan22/RTOS_SP2023/pico/pico-sdk/src/rp2_common/pico_float/float_init_rom.c.obj
 .text.__aeabi_float_init
                0x0000000010004564       0x5c CMakeFiles/WS2812_Example.dir/home/tarnished-dan22/RTOS_SP2023/pico/pico-sdk/src/rp2_common/pico_float/float_init_rom.c.obj
                0x0000000010004564                __aeabi_float_init
 .text.__wrap_malloc
                0x00000000100045c0       0x24 CMakeFiles/WS2812_Example.dir/home/tarnished-dan22/RTOS_SP2023/pico/pico-sdk/src/rp2_common/pico_malloc/pico_malloc.c.obj
                0x00000000100045c0                __wrap_malloc
 .text.__wrap_free
                0x00000000100045e4        0x8 CMakeFiles/WS2812_Example.dir/home/tarnished-dan22/RTOS_SP2023/pico/pico-sdk/src/rp2_common/pico_malloc/pico_malloc.c.obj
                0x00000000100045e4                __wrap_free
 .text          0x00000000100045ec       0x10 CMakeFiles/WS2812_Example.dir/home/tarnished-dan22/RTOS_SP2023/pico/pico-sdk/src/rp2_common/pico_mem_ops/mem_ops_aeabi.S.obj
                0x00000000100045ec                __aeabi_mem_init
 .text.memset   0x00000000100045fc        0xc CMakeFiles/WS2812_Example.dir/home/tarnished-dan22/RTOS_SP2023/pico/pico-sdk/src/rp2_common/pico_mem_ops/mem_ops_aeabi.S.obj
                0x00000000100045fc                __wrap_memset
 .text.memcpy   0x0000000010004608        0xc CMakeFiles/WS2812_Example.dir/home/tarnished-dan22/RTOS_SP2023/pico/pico-sdk/src/rp2_common/pico_mem_ops/mem_ops_aeabi.S.obj
                0x0000000010004608                __wrap___aeabi_memcpy
                0x0000000010004608                __wrap_memcpy
 .text.stdio_out_chars_no_crlf
                0x0000000010004614       0x10 CMakeFiles/WS2812_Example.dir/home/tarnished-dan22/RTOS_SP2023/pico/pico-sdk/src/rp2_common/pico_stdio/stdio.c.obj
 .text.stdio_out_chars_crlf
                0x0000000010004624       0xb4 CMakeFiles/WS2812_Example.dir/home/tarnished-dan22/RTOS_SP2023/pico/pico-sdk/src/rp2_common/pico_stdio/stdio.c.obj
 .text.stdio_buffered_printer
                0x00000000100046d8       0x64 CMakeFiles/WS2812_Example.dir/home/tarnished-dan22/RTOS_SP2023/pico/pico-sdk/src/rp2_common/pico_stdio/stdio.c.obj
 .text.stdio_put_string.isra.0
                0x000000001000473c       0xfc CMakeFiles/WS2812_Example.dir/home/tarnished-dan22/RTOS_SP2023/pico/pico-sdk/src/rp2_common/pico_stdio/stdio.c.obj
 .text.__wrap_putchar
                0x0000000010004838       0x98 CMakeFiles/WS2812_Example.dir/home/tarnished-dan22/RTOS_SP2023/pico/pico-sdk/src/rp2_common/pico_stdio/stdio.c.obj
                0x0000000010004838                __wrap_putchar
 .text.__wrap_puts
                0x00000000100048d0       0x3c CMakeFiles/WS2812_Example.dir/home/tarnished-dan22/RTOS_SP2023/pico/pico-sdk/src/rp2_common/pico_stdio/stdio.c.obj
                0x00000000100048d0                __wrap_puts
 .text.stdio_set_driver_enabled
                0x000000001000490c       0x30 CMakeFiles/WS2812_Example.dir/home/tarnished-dan22/RTOS_SP2023/pico/pico-sdk/src/rp2_common/pico_stdio/stdio.c.obj
                0x000000001000490c                stdio_set_driver_enabled
 .text.__wrap_vprintf
                0x000000001000493c       0xd8 CMakeFiles/WS2812_Example.dir/home/tarnished-dan22/RTOS_SP2023/pico/pico-sdk/src/rp2_common/pico_stdio/stdio.c.obj
                0x000000001000493c                __wrap_vprintf
 .text.__wrap_printf
                0x0000000010004a14       0x18 CMakeFiles/WS2812_Example.dir/home/tarnished-dan22/RTOS_SP2023/pico/pico-sdk/src/rp2_common/pico_stdio/stdio.c.obj
                0x0000000010004a14                __wrap_printf
 .text.stdio_init_all
                0x0000000010004a2c       0x10 CMakeFiles/WS2812_Example.dir/home/tarnished-dan22/RTOS_SP2023/pico/pico-sdk/src/rp2_common/pico_stdio/stdio.c.obj
                0x0000000010004a2c                stdio_init_all
 .text.stdio_uart_out_chars
                0x0000000010004a3c       0x4c CMakeFiles/WS2812_Example.dir/home/tarnished-dan22/RTOS_SP2023/pico/pico-sdk/src/rp2_common/pico_stdio_uart/stdio_uart.c.obj
 .text.stdio_uart_in_chars
                0x0000000010004a88       0x84 CMakeFiles/WS2812_Example.dir/home/tarnished-dan22/RTOS_SP2023/pico/pico-sdk/src/rp2_common/pico_stdio_uart/stdio_uart.c.obj
                0x0000000010004a88                stdio_uart_in_chars
 .text.on_uart_rx
                0x0000000010004b0c       0x28 CMakeFiles/WS2812_Example.dir/home/tarnished-dan22/RTOS_SP2023/pico/pico-sdk/src/rp2_common/pico_stdio_uart/stdio_uart.c.obj
 .text.stdio_uart_set_chars_available_callback
                0x0000000010004b34       0x8c CMakeFiles/WS2812_Example.dir/home/tarnished-dan22/RTOS_SP2023/pico/pico-sdk/src/rp2_common/pico_stdio_uart/stdio_uart.c.obj
 .text.stdio_uart_init
                0x0000000010004bc0       0x48 CMakeFiles/WS2812_Example.dir/home/tarnished-dan22/RTOS_SP2023/pico/pico-sdk/src/rp2_common/pico_stdio_uart/stdio_uart.c.obj
                0x0000000010004bc0                stdio_uart_init
 .text.resetd_init
                0x0000000010004c08        0x4 CMakeFiles/WS2812_Example.dir/home/tarnished-dan22/RTOS_SP2023/pico/pico-sdk/src/rp2_common/pico_stdio_usb/reset_interface.c.obj
 .text.resetd_reset
                0x0000000010004c0c        0xc CMakeFiles/WS2812_Example.dir/home/tarnished-dan22/RTOS_SP2023/pico/pico-sdk/src/rp2_common/pico_stdio_usb/reset_interface.c.obj
 .text.resetd_open
                0x0000000010004c18       0x28 CMakeFiles/WS2812_Example.dir/home/tarnished-dan22/RTOS_SP2023/pico/pico-sdk/src/rp2_common/pico_stdio_usb/reset_interface.c.obj
 .text.resetd_xfer_cb
                0x0000000010004c40        0x4 CMakeFiles/WS2812_Example.dir/home/tarnished-dan22/RTOS_SP2023/pico/pico-sdk/src/rp2_common/pico_stdio_usb/reset_interface.c.obj
 .text.resetd_control_xfer_cb
                0x0000000010004c44       0x64 CMakeFiles/WS2812_Example.dir/home/tarnished-dan22/RTOS_SP2023/pico/pico-sdk/src/rp2_common/pico_stdio_usb/reset_interface.c.obj
 .text.usbd_app_driver_get_cb
                0x0000000010004ca8        0xc CMakeFiles/WS2812_Example.dir/home/tarnished-dan22/RTOS_SP2023/pico/pico-sdk/src/rp2_common/pico_stdio_usb/reset_interface.c.obj
                0x0000000010004ca8                usbd_app_driver_get_cb
 .text.tud_cdc_line_coding_cb
                0x0000000010004cb4       0x34 CMakeFiles/WS2812_Example.dir/home/tarnished-dan22/RTOS_SP2023/pico/pico-sdk/src/rp2_common/pico_stdio_usb/reset_interface.c.obj
                0x0000000010004cb4                tud_cdc_line_coding_cb
 .text.stdio_usb_set_chars_available_callback
                0x0000000010004ce8       0x14 CMakeFiles/WS2812_Example.dir/home/tarnished-dan22/RTOS_SP2023/pico/pico-sdk/src/rp2_common/pico_stdio_usb/stdio_usb.c.obj
                0x0000000010004ce8                stdio_usb_set_chars_available_callback
 .text.usb_irq  0x0000000010004cfc       0x10 CMakeFiles/WS2812_Example.dir/home/tarnished-dan22/RTOS_SP2023/pico/pico-sdk/src/rp2_common/pico_stdio_usb/stdio_usb.c.obj
 .text.timer_task
                0x0000000010004d0c       0x54 CMakeFiles/WS2812_Example.dir/home/tarnished-dan22/RTOS_SP2023/pico/pico-sdk/src/rp2_common/pico_stdio_usb/stdio_usb.c.obj
 .text.stdio_usb_in_chars
                0x0000000010004d60       0x90 CMakeFiles/WS2812_Example.dir/home/tarnished-dan22/RTOS_SP2023/pico/pico-sdk/src/rp2_common/pico_stdio_usb/stdio_usb.c.obj
                0x0000000010004d60                stdio_usb_in_chars
 .text.stdio_usb_out_chars
                0x0000000010004df0      0x100 CMakeFiles/WS2812_Example.dir/home/tarnished-dan22/RTOS_SP2023/pico/pico-sdk/src/rp2_common/pico_stdio_usb/stdio_usb.c.obj
 .text.low_priority_worker_irq
                0x0000000010004ef0       0xa8 CMakeFiles/WS2812_Example.dir/home/tarnished-dan22/RTOS_SP2023/pico/pico-sdk/src/rp2_common/pico_stdio_usb/stdio_usb.c.obj
 .text.tud_cdc_rx_cb
                0x0000000010004f98       0x20 CMakeFiles/WS2812_Example.dir/home/tarnished-dan22/RTOS_SP2023/pico/pico-sdk/src/rp2_common/pico_stdio_usb/stdio_usb.c.obj
                0x0000000010004f98                tud_cdc_rx_cb
 .text.stdio_usb_init
                0x0000000010004fb8       0xdc CMakeFiles/WS2812_Example.dir/home/tarnished-dan22/RTOS_SP2023/pico/pico-sdk/src/rp2_common/pico_stdio_usb/stdio_usb.c.obj
                0x0000000010004fb8                stdio_usb_init
 .text.tud_descriptor_device_cb
                0x0000000010005094        0x8 CMakeFiles/WS2812_Example.dir/home/tarnished-dan22/RTOS_SP2023/pico/pico-sdk/src/rp2_common/pico_stdio_usb/stdio_usb_descriptors.c.obj
                0x0000000010005094                tud_descriptor_device_cb
 .text.tud_descriptor_configuration_cb
                0x000000001000509c        0x8 CMakeFiles/WS2812_Example.dir/home/tarnished-dan22/RTOS_SP2023/pico/pico-sdk/src/rp2_common/pico_stdio_usb/stdio_usb_descriptors.c.obj
                0x000000001000509c                tud_descriptor_configuration_cb
 .text.tud_descriptor_string_cb
                0x00000000100050a4       0x74 CMakeFiles/WS2812_Example.dir/home/tarnished-dan22/RTOS_SP2023/pico/pico-sdk/src/rp2_common/pico_stdio_usb/stdio_usb_descriptors.c.obj
                0x00000000100050a4                tud_descriptor_string_cb
 .text.startup._retrieve_unique_id_on_boot
                0x0000000010005118       0x10 CMakeFiles/WS2812_Example.dir/home/tarnished-dan22/RTOS_SP2023/pico/pico-sdk/src/rp2_common/pico_unique_id/unique_id.c.obj
 .text.pico_get_unique_board_id_string
                0x0000000010005128      0x1a8 CMakeFiles/WS2812_Example.dir/home/tarnished-dan22/RTOS_SP2023/pico/pico-sdk/src/rp2_common/pico_unique_id/unique_id.c.obj
                0x0000000010005128                pico_get_unique_board_id_string
 .text.flash_get_unique_id
                0x00000000100052d0       0x40 CMakeFiles/WS2812_Example.dir/home/tarnished-dan22/RTOS_SP2023/pico/pico-sdk/src/rp2_common/hardware_flash/flash.c.obj
                0x00000000100052d0                flash_get_unique_id
 .text.dcd_int_enable
                0x0000000010005310        0xc CMakeFiles/WS2812_Example.dir/home/tarnished-dan22/RTOS_SP2023/pico/pico-sdk/lib/tinyusb/src/portable/raspberrypi/rp2040/dcd_rp2040.c.obj
                0x0000000010005310                dcd_int_enable
 .text.dcd_set_address
                0x000000001000531c       0x14 CMakeFiles/WS2812_Example.dir/home/tarnished-dan22/RTOS_SP2023/pico/pico-sdk/lib/tinyusb/src/portable/raspberrypi/rp2040/dcd_rp2040.c.obj
                0x000000001000531c                dcd_set_address
 .text.dcd_connect
                0x0000000010005330       0x10 CMakeFiles/WS2812_Example.dir/home/tarnished-dan22/RTOS_SP2023/pico/pico-sdk/lib/tinyusb/src/portable/raspberrypi/rp2040/dcd_rp2040.c.obj
                0x0000000010005330                dcd_connect
 .text.dcd_init
                0x0000000010005340       0x98 CMakeFiles/WS2812_Example.dir/home/tarnished-dan22/RTOS_SP2023/pico/pico-sdk/lib/tinyusb/src/portable/raspberrypi/rp2040/dcd_rp2040.c.obj
                0x0000000010005340                dcd_init
 .text.dcd_edpt0_status_complete
                0x00000000100053d8       0x1c CMakeFiles/WS2812_Example.dir/home/tarnished-dan22/RTOS_SP2023/pico/pico-sdk/lib/tinyusb/src/portable/raspberrypi/rp2040/dcd_rp2040.c.obj
                0x00000000100053d8                dcd_edpt0_status_complete
 .text.dcd_edpt_open
                0x00000000100053f4      0x108 CMakeFiles/WS2812_Example.dir/home/tarnished-dan22/RTOS_SP2023/pico/pico-sdk/lib/tinyusb/src/portable/raspberrypi/rp2040/dcd_rp2040.c.obj
                0x00000000100053f4                dcd_edpt_open
 .text.dcd_edpt_close_all
                0x00000000100054fc        0x8 CMakeFiles/WS2812_Example.dir/home/tarnished-dan22/RTOS_SP2023/pico/pico-sdk/lib/tinyusb/src/portable/raspberrypi/rp2040/dcd_rp2040.c.obj
                0x00000000100054fc                dcd_edpt_close_all
 .text.dcd_edpt_xfer
                0x0000000010005504       0x24 CMakeFiles/WS2812_Example.dir/home/tarnished-dan22/RTOS_SP2023/pico/pico-sdk/lib/tinyusb/src/portable/raspberrypi/rp2040/dcd_rp2040.c.obj
                0x0000000010005504                dcd_edpt_xfer
 .text.dcd_edpt_stall
                0x0000000010005528       0x38 CMakeFiles/WS2812_Example.dir/home/tarnished-dan22/RTOS_SP2023/pico/pico-sdk/lib/tinyusb/src/portable/raspberrypi/rp2040/dcd_rp2040.c.obj
                0x0000000010005528                dcd_edpt_stall
 .text.dcd_edpt_clear_stall
                0x0000000010005560       0x30 CMakeFiles/WS2812_Example.dir/home/tarnished-dan22/RTOS_SP2023/pico/pico-sdk/lib/tinyusb/src/portable/raspberrypi/rp2040/dcd_rp2040.c.obj
                0x0000000010005560                dcd_edpt_clear_stall
 .text.rp2040_usb_init
                0x0000000010005590       0x4c CMakeFiles/WS2812_Example.dir/home/tarnished-dan22/RTOS_SP2023/pico/pico-sdk/lib/tinyusb/src/portable/raspberrypi/rp2040/rp2040_usb.c.obj
                0x0000000010005590                rp2040_usb_init
 .text.hw_endpoint_xfer_start
                0x00000000100055dc       0x50 CMakeFiles/WS2812_Example.dir/home/tarnished-dan22/RTOS_SP2023/pico/pico-sdk/lib/tinyusb/src/portable/raspberrypi/rp2040/rp2040_usb.c.obj
                0x00000000100055dc                hw_endpoint_xfer_start
 .text.tud_mounted
                0x000000001000562c       0x10 CMakeFiles/WS2812_Example.dir/home/tarnished-dan22/RTOS_SP2023/pico/pico-sdk/lib/tinyusb/src/device/usbd.c.obj
                0x000000001000562c                tud_mounted
 .text.tud_suspended
                0x000000001000563c       0x10 CMakeFiles/WS2812_Example.dir/home/tarnished-dan22/RTOS_SP2023/pico/pico-sdk/lib/tinyusb/src/device/usbd.c.obj
                0x000000001000563c                tud_suspended
 .text.tud_inited
                0x000000001000564c       0x14 CMakeFiles/WS2812_Example.dir/home/tarnished-dan22/RTOS_SP2023/pico/pico-sdk/lib/tinyusb/src/device/usbd.c.obj
                0x000000001000564c                tud_inited
 .text.tud_init
                0x0000000010005660       0xe4 CMakeFiles/WS2812_Example.dir/home/tarnished-dan22/RTOS_SP2023/pico/pico-sdk/lib/tinyusb/src/device/usbd.c.obj
                0x0000000010005660                tud_init
 .text.tud_task_ext
                0x0000000010005744      0x854 CMakeFiles/WS2812_Example.dir/home/tarnished-dan22/RTOS_SP2023/pico/pico-sdk/lib/tinyusb/src/device/usbd.c.obj
                0x0000000010005744                tud_task_ext
 .text.usbd_open_edpt_pair
                0x0000000010005f98       0x9c CMakeFiles/WS2812_Example.dir/home/tarnished-dan22/RTOS_SP2023/pico/pico-sdk/lib/tinyusb/src/device/usbd.c.obj
                0x0000000010005f98                usbd_open_edpt_pair
 .text.usbd_defer_func
                0x0000000010006034       0x48 CMakeFiles/WS2812_Example.dir/home/tarnished-dan22/RTOS_SP2023/pico/pico-sdk/lib/tinyusb/src/device/usbd.c.obj
                0x0000000010006034                usbd_defer_func
 .text.usbd_edpt_open
                0x000000001000607c       0x34 CMakeFiles/WS2812_Example.dir/home/tarnished-dan22/RTOS_SP2023/pico/pico-sdk/lib/tinyusb/src/device/usbd.c.obj
                0x000000001000607c                usbd_edpt_open
 .text.usbd_edpt_claim
                0x00000000100060b0       0x28 CMakeFiles/WS2812_Example.dir/home/tarnished-dan22/RTOS_SP2023/pico/pico-sdk/lib/tinyusb/src/device/usbd.c.obj
                0x00000000100060b0                usbd_edpt_claim
 .text.usbd_edpt_release
                0x00000000100060d8       0x28 CMakeFiles/WS2812_Example.dir/home/tarnished-dan22/RTOS_SP2023/pico/pico-sdk/lib/tinyusb/src/device/usbd.c.obj
                0x00000000100060d8                usbd_edpt_release
 .text.usbd_edpt_xfer
                0x0000000010006100       0x4c CMakeFiles/WS2812_Example.dir/home/tarnished-dan22/RTOS_SP2023/pico/pico-sdk/lib/tinyusb/src/device/usbd.c.obj
                0x0000000010006100                usbd_edpt_xfer
 .text.tud_control_status
                0x000000001000614c       0x30 CMakeFiles/WS2812_Example.dir/home/tarnished-dan22/RTOS_SP2023/pico/pico-sdk/lib/tinyusb/src/device/usbd_control.c.obj
                0x000000001000614c                tud_control_status
 .text.tud_control_xfer
                0x000000001000617c       0xbc CMakeFiles/WS2812_Example.dir/home/tarnished-dan22/RTOS_SP2023/pico/pico-sdk/lib/tinyusb/src/device/usbd_control.c.obj
                0x000000001000617c                tud_control_xfer
 .text.usbd_control_reset
                0x0000000010006238       0x14 CMakeFiles/WS2812_Example.dir/home/tarnished-dan22/RTOS_SP2023/pico/pico-sdk/lib/tinyusb/src/device/usbd_control.c.obj
                0x0000000010006238                usbd_control_reset
 .text.usbd_control_set_complete_callback
                0x000000001000624c        0xc CMakeFiles/WS2812_Example.dir/home/tarnished-dan22/RTOS_SP2023/pico/pico-sdk/lib/tinyusb/src/device/usbd_control.c.obj
                0x000000001000624c                usbd_control_set_complete_callback
 .text.usbd_control_set_request
                0x0000000010006258       0x1c CMakeFiles/WS2812_Example.dir/home/tarnished-dan22/RTOS_SP2023/pico/pico-sdk/lib/tinyusb/src/device/usbd_control.c.obj
                0x0000000010006258                usbd_control_set_request
 .text.usbd_control_xfer_cb
                0x0000000010006274       0xfc CMakeFiles/WS2812_Example.dir/home/tarnished-dan22/RTOS_SP2023/pico/pico-sdk/lib/tinyusb/src/device/usbd_control.c.obj
                0x0000000010006274                usbd_control_xfer_cb
 .text.tud_cdc_n_connected
                0x0000000010006370       0x30 CMakeFiles/WS2812_Example.dir/home/tarnished-dan22/RTOS_SP2023/pico/pico-sdk/lib/tinyusb/src/class/cdc/cdc_device.c.obj
                0x0000000010006370                tud_cdc_n_connected
 .text.tud_cdc_n_available
                0x00000000100063a0       0x18 CMakeFiles/WS2812_Example.dir/home/tarnished-dan22/RTOS_SP2023/pico/pico-sdk/lib/tinyusb/src/class/cdc/cdc_device.c.obj
                0x00000000100063a0                tud_cdc_n_available
 .text.tud_cdc_n_read
                0x00000000100063b8       0x70 CMakeFiles/WS2812_Example.dir/home/tarnished-dan22/RTOS_SP2023/pico/pico-sdk/lib/tinyusb/src/class/cdc/cdc_device.c.obj
                0x00000000100063b8                tud_cdc_n_read
 .text.tud_cdc_n_write_flush
                0x0000000010006428       0x78 CMakeFiles/WS2812_Example.dir/home/tarnished-dan22/RTOS_SP2023/pico/pico-sdk/lib/tinyusb/src/class/cdc/cdc_device.c.obj
                0x0000000010006428                tud_cdc_n_write_flush
 .text.tud_cdc_n_write
                0x00000000100064a0       0x34 CMakeFiles/WS2812_Example.dir/home/tarnished-dan22/RTOS_SP2023/pico/pico-sdk/lib/tinyusb/src/class/cdc/cdc_device.c.obj
                0x00000000100064a0                tud_cdc_n_write
 .text.tud_cdc_n_write_available
                0x00000000100064d4       0x18 CMakeFiles/WS2812_Example.dir/home/tarnished-dan22/RTOS_SP2023/pico/pico-sdk/lib/tinyusb/src/class/cdc/cdc_device.c.obj
                0x00000000100064d4                tud_cdc_n_write_available
 .text.cdcd_init
                0x00000000100064ec       0x7c CMakeFiles/WS2812_Example.dir/home/tarnished-dan22/RTOS_SP2023/pico/pico-sdk/lib/tinyusb/src/class/cdc/cdc_device.c.obj
                0x00000000100064ec                cdcd_init
 .text.cdcd_reset
                0x0000000010006568       0x2c CMakeFiles/WS2812_Example.dir/home/tarnished-dan22/RTOS_SP2023/pico/pico-sdk/lib/tinyusb/src/class/cdc/cdc_device.c.obj
                0x0000000010006568                cdcd_reset
 .text.cdcd_open
                0x0000000010006594       0xe8 CMakeFiles/WS2812_Example.dir/home/tarnished-dan22/RTOS_SP2023/pico/pico-sdk/lib/tinyusb/src/class/cdc/cdc_device.c.obj
                0x0000000010006594                cdcd_open
 .text.cdcd_control_xfer_cb
                0x000000001000667c       0xe4 CMakeFiles/WS2812_Example.dir/home/tarnished-dan22/RTOS_SP2023/pico/pico-sdk/lib/tinyusb/src/class/cdc/cdc_device.c.obj
                0x000000001000667c                cdcd_control_xfer_cb
 .text.cdcd_xfer_cb
                0x0000000010006760      0x148 CMakeFiles/WS2812_Example.dir/home/tarnished-dan22/RTOS_SP2023/pico/pico-sdk/lib/tinyusb/src/class/cdc/cdc_device.c.obj
                0x0000000010006760                cdcd_xfer_cb
 .text.tusb_init
                0x00000000100068a8        0xc CMakeFiles/WS2812_Example.dir/home/tarnished-dan22/RTOS_SP2023/pico/pico-sdk/lib/tinyusb/src/tusb.c.obj
                0x00000000100068a8                tusb_init
 .text.tusb_inited
                0x00000000100068b4        0x8 CMakeFiles/WS2812_Example.dir/home/tarnished-dan22/RTOS_SP2023/pico/pico-sdk/lib/tinyusb/src/tusb.c.obj
                0x00000000100068b4                tusb_inited
 .text.tu_edpt_claim
                0x00000000100068bc       0x50 CMakeFiles/WS2812_Example.dir/home/tarnished-dan22/RTOS_SP2023/pico/pico-sdk/lib/tinyusb/src/tusb.c.obj
                0x00000000100068bc                tu_edpt_claim
 .text.tu_edpt_release
                0x000000001000690c       0x38 CMakeFiles/WS2812_Example.dir/home/tarnished-dan22/RTOS_SP2023/pico/pico-sdk/lib/tinyusb/src/tusb.c.obj
                0x000000001000690c                tu_edpt_release
 .text.tu_edpt_validate
                0x0000000010006944       0x78 CMakeFiles/WS2812_Example.dir/home/tarnished-dan22/RTOS_SP2023/pico/pico-sdk/lib/tinyusb/src/tusb.c.obj
                0x0000000010006944                tu_edpt_validate
 .text.tu_edpt_bind_driver
                0x00000000100069bc       0x34 CMakeFiles/WS2812_Example.dir/home/tarnished-dan22/RTOS_SP2023/pico/pico-sdk/lib/tinyusb/src/tusb.c.obj
                0x00000000100069bc                tu_edpt_bind_driver
 .text.tu_fifo_config
                0x00000000100069f0       0x70 CMakeFiles/WS2812_Example.dir/home/tarnished-dan22/RTOS_SP2023/pico/pico-sdk/lib/tinyusb/src/common/tusb_fifo.c.obj
                0x00000000100069f0                tu_fifo_config
 .text.tu_fifo_count
                0x0000000010006a60       0x2c CMakeFiles/WS2812_Example.dir/home/tarnished-dan22/RTOS_SP2023/pico/pico-sdk/lib/tinyusb/src/common/tusb_fifo.c.obj
                0x0000000010006a60                tu_fifo_count
 .text.tu_fifo_empty
                0x0000000010006a8c       0x10 CMakeFiles/WS2812_Example.dir/home/tarnished-dan22/RTOS_SP2023/pico/pico-sdk/lib/tinyusb/src/common/tusb_fifo.c.obj
                0x0000000010006a8c                tu_fifo_empty
 .text.tu_fifo_remaining
                0x0000000010006a9c       0x2c CMakeFiles/WS2812_Example.dir/home/tarnished-dan22/RTOS_SP2023/pico/pico-sdk/lib/tinyusb/src/common/tusb_fifo.c.obj
                0x0000000010006a9c                tu_fifo_remaining
 .text.tu_fifo_read
                0x0000000010006ac8       0xa0 CMakeFiles/WS2812_Example.dir/home/tarnished-dan22/RTOS_SP2023/pico/pico-sdk/lib/tinyusb/src/common/tusb_fifo.c.obj
                0x0000000010006ac8                tu_fifo_read
 .text.tu_fifo_read_n
                0x0000000010006b68       0xec CMakeFiles/WS2812_Example.dir/home/tarnished-dan22/RTOS_SP2023/pico/pico-sdk/lib/tinyusb/src/common/tusb_fifo.c.obj
                0x0000000010006b68                tu_fifo_read_n
 .text.tu_fifo_write
                0x0000000010006c54       0x88 CMakeFiles/WS2812_Example.dir/home/tarnished-dan22/RTOS_SP2023/pico/pico-sdk/lib/tinyusb/src/common/tusb_fifo.c.obj
                0x0000000010006c54                tu_fifo_write
 .text.tu_fifo_write_n
                0x0000000010006cdc      0x168 CMakeFiles/WS2812_Example.dir/home/tarnished-dan22/RTOS_SP2023/pico/pico-sdk/lib/tinyusb/src/common/tusb_fifo.c.obj
                0x0000000010006cdc                tu_fifo_write_n
 .text.tu_fifo_clear
                0x0000000010006e44       0x40 CMakeFiles/WS2812_Example.dir/home/tarnished-dan22/RTOS_SP2023/pico/pico-sdk/lib/tinyusb/src/common/tusb_fifo.c.obj
                0x0000000010006e44                tu_fifo_clear
 .text.tu_fifo_set_overwritable
                0x0000000010006e84       0x48 CMakeFiles/WS2812_Example.dir/home/tarnished-dan22/RTOS_SP2023/pico/pico-sdk/lib/tinyusb/src/common/tusb_fifo.c.obj
                0x0000000010006e84                tu_fifo_set_overwritable
 .text.pio_add_program
                0x0000000010006ecc       0xc8 CMakeFiles/WS2812_Example.dir/home/tarnished-dan22/RTOS_SP2023/pico/pico-sdk/src/rp2_common/hardware_pio/pio.c.obj
                0x0000000010006ecc                pio_add_program
 .text.pio_sm_set_consecutive_pindirs
                0x0000000010006f94       0xb0 CMakeFiles/WS2812_Example.dir/home/tarnished-dan22/RTOS_SP2023/pico/pico-sdk/src/rp2_common/hardware_pio/pio.c.obj
                0x0000000010006f94                pio_sm_set_consecutive_pindirs
 .text.pio_sm_init
                0x0000000010007044       0x8c CMakeFiles/WS2812_Example.dir/home/tarnished-dan22/RTOS_SP2023/pico/pico-sdk/src/rp2_common/hardware_pio/pio.c.obj
                0x0000000010007044                pio_sm_init
 .text.__cxa_end_cleanup
                0x00000000100070d0        0xc /usr/lib/gcc/arm-none-eabi/10.3.1/../../../arm-none-eabi/lib/thumb/v6-m/nofp/libstdc++.a(eh_arm.o)
                0x00000000100070d0                __cxa_end_cleanup
 .text.__cxa_type_match
                0x00000000100070dc       0xc0 /usr/lib/gcc/arm-none-eabi/10.3.1/../../../arm-none-eabi/lib/thumb/v6-m/nofp/libstdc++.a(eh_arm.o)
                0x00000000100070dc                __cxa_type_match
 .text.__cxa_begin_cleanup
                0x000000001000719c       0x60 /usr/lib/gcc/arm-none-eabi/10.3.1/../../../arm-none-eabi/lib/thumb/v6-m/nofp/libstdc++.a(eh_arm.o)
                0x000000001000719c                __cxa_begin_cleanup
 .text.__gnu_end_cleanup
                0x00000000100071fc       0x70 /usr/lib/gcc/arm-none-eabi/10.3.1/../../../arm-none-eabi/lib/thumb/v6-m/nofp/libstdc++.a(eh_arm.o)
                0x00000000100071fc                __gnu_end_cleanup
 .text.unlikely.__cxa_throw_bad_array_new_length
                0x000000001000726c       0x20 /usr/lib/gcc/arm-none-eabi/10.3.1/../../../arm-none-eabi/lib/thumb/v6-m/nofp/libstdc++.a(eh_aux_runtime.o)
                0x000000001000726c                __cxa_throw_bad_array_new_length
 .text._ZNSt9exceptionD2Ev
                0x000000001000728c        0x4 /usr/lib/gcc/arm-none-eabi/10.3.1/../../../arm-none-eabi/lib/thumb/v6-m/nofp/libstdc++.a(eh_exception.o)
                0x000000001000728c                std::exception::~exception()
                0x000000001000728c                std::exception::~exception()
 .text._ZNSt13bad_exceptionD2Ev
                0x0000000010007290        0x4 /usr/lib/gcc/arm-none-eabi/10.3.1/../../../arm-none-eabi/lib/thumb/v6-m/nofp/libstdc++.a(eh_exception.o)
                0x0000000010007290                std::bad_exception::~bad_exception()
                0x0000000010007290                std::bad_exception::~bad_exception()
 .text._ZNKSt13bad_exception4whatEv
                0x0000000010007294        0x8 /usr/lib/gcc/arm-none-eabi/10.3.1/../../../arm-none-eabi/lib/thumb/v6-m/nofp/libstdc++.a(eh_exception.o)
                0x0000000010007294                transaction clone for std::bad_exception::what() const
                0x0000000010007294                std::bad_exception::what() const
 .text._ZNSt13bad_exceptionD0Ev
                0x000000001000729c       0x10 /usr/lib/gcc/arm-none-eabi/10.3.1/../../../arm-none-eabi/lib/thumb/v6-m/nofp/libstdc++.a(eh_exception.o)
                0x000000001000729c                std::bad_exception::~bad_exception()
 .text.__cxa_get_globals_fast
                0x00000000100072ac        0x8 /usr/lib/gcc/arm-none-eabi/10.3.1/../../../arm-none-eabi/lib/thumb/v6-m/nofp/libstdc++.a(eh_globals.o)
                0x00000000100072ac                __cxa_get_globals_fast
 .text.__cxa_get_globals
                0x00000000100072b4        0x8 /usr/lib/gcc/arm-none-eabi/10.3.1/../../../arm-none-eabi/lib/thumb/v6-m/nofp/libstdc++.a(eh_globals.o)
                0x00000000100072b4                __cxa_get_globals
 .text._ZL28read_encoded_value_with_basehjPKhPj
                0x00000000100072bc      0x114 /usr/lib/gcc/arm-none-eabi/10.3.1/../../../arm-none-eabi/lib/thumb/v6-m/nofp/libstdc++.a(eh_personality.o)
 .text._ZL21base_of_encoded_valuehP15_Unwind_Context
                0x00000000100073d0       0x48 /usr/lib/gcc/arm-none-eabi/10.3.1/../../../arm-none-eabi/lib/thumb/v6-m/nofp/libstdc++.a(eh_personality.o)
 .text._ZL17parse_lsda_headerP15_Unwind_ContextPKhP16lsda_header_info
                0x0000000010007418       0x98 /usr/lib/gcc/arm-none-eabi/10.3.1/../../../arm-none-eabi/lib/thumb/v6-m/nofp/libstdc++.a(eh_personality.o)
 .text.__gxx_personality_v0
                0x00000000100074b0      0x4c8 /usr/lib/gcc/arm-none-eabi/10.3.1/../../../arm-none-eabi/lib/thumb/v6-m/nofp/libstdc++.a(eh_personality.o)
                0x00000000100074b0                __gxx_personality_v0
 .text._ZN10__cxxabiv111__terminateEPFvvE
                0x0000000010007978       0x28 /usr/lib/gcc/arm-none-eabi/10.3.1/../../../arm-none-eabi/lib/thumb/v6-m/nofp/libstdc++.a(eh_terminate.o)
                0x0000000010007978                __cxxabiv1::__terminate(void (*)())
 .text._ZSt9terminatev
                0x00000000100079a0       0x10 /usr/lib/gcc/arm-none-eabi/10.3.1/../../../arm-none-eabi/lib/thumb/v6-m/nofp/libstdc++.a(eh_terminate.o)
                0x00000000100079a0                std::terminate()
 .text._ZN10__cxxabiv112__unexpectedEPFvvE
                0x00000000100079b0        0x8 /usr/lib/gcc/arm-none-eabi/10.3.1/../../../arm-none-eabi/lib/thumb/v6-m/nofp/libstdc++.a(eh_terminate.o)
                0x00000000100079b0                __cxxabiv1::__unexpected(void (*)())
 .text._ZSt10unexpectedv
                0x00000000100079b8       0x10 /usr/lib/gcc/arm-none-eabi/10.3.1/../../../arm-none-eabi/lib/thumb/v6-m/nofp/libstdc++.a(eh_terminate.o)
                0x00000000100079b8                std::unexpected()
 .text._ZSt13get_terminatev
                0x00000000100079c8        0xc /usr/lib/gcc/arm-none-eabi/10.3.1/../../../arm-none-eabi/lib/thumb/v6-m/nofp/libstdc++.a(eh_terminate.o)
                0x00000000100079c8                std::get_terminate()
 .text._ZSt14get_unexpectedv
                0x00000000100079d4        0xc /usr/lib/gcc/arm-none-eabi/10.3.1/../../../arm-none-eabi/lib/thumb/v6-m/nofp/libstdc++.a(eh_terminate.o)
                0x00000000100079d4                std::get_unexpected()
 .text._ZL23__gxx_exception_cleanup19_Unwind_Reason_CodeP21_Unwind_Control_Block
                0x00000000100079e0       0x34 /usr/lib/gcc/arm-none-eabi/10.3.1/../../../arm-none-eabi/lib/thumb/v6-m/nofp/libstdc++.a(eh_throw.o)
 .text.__cxa_init_primary_exception
                0x0000000010007a14       0x4c /usr/lib/gcc/arm-none-eabi/10.3.1/../../../arm-none-eabi/lib/thumb/v6-m/nofp/libstdc++.a(eh_throw.o)
                0x0000000010007a14                __cxa_init_primary_exception
 .text.__cxa_throw
                0x0000000010007a60       0x34 /usr/lib/gcc/arm-none-eabi/10.3.1/../../../arm-none-eabi/lib/thumb/v6-m/nofp/libstdc++.a(eh_throw.o)
                0x0000000010007a60                __cxa_throw
 .text.__cxa_rethrow
                0x0000000010007a94       0x70 /usr/lib/gcc/arm-none-eabi/10.3.1/../../../arm-none-eabi/lib/thumb/v6-m/nofp/libstdc++.a(eh_throw.o)
                0x0000000010007a94                __cxa_rethrow
 .text._Znaj    0x0000000010007b04        0x8 /usr/lib/gcc/arm-none-eabi/10.3.1/../../../arm-none-eabi/lib/thumb/v6-m/nofp/libstdc++.a(new_opv.o)
                0x0000000010007b04                operator new[](unsigned int)
 .text._ZN10__cxxabiv120__si_class_type_infoD2Ev
                0x0000000010007b0c       0x18 /usr/lib/gcc/arm-none-eabi/10.3.1/../../../arm-none-eabi/lib/thumb/v6-m/nofp/libstdc++.a(si_class_type_info.o)
                0x0000000010007b0c                __cxxabiv1::__si_class_type_info::~__si_class_type_info()
                0x0000000010007b0c                __cxxabiv1::__si_class_type_info::~__si_class_type_info()
 .text._ZN10__cxxabiv120__si_class_type_infoD0Ev
                0x0000000010007b24       0x20 /usr/lib/gcc/arm-none-eabi/10.3.1/../../../arm-none-eabi/lib/thumb/v6-m/nofp/libstdc++.a(si_class_type_info.o)
                0x0000000010007b24                __cxxabiv1::__si_class_type_info::~__si_class_type_info()
 .text._ZNK10__cxxabiv120__si_class_type_info20__do_find_public_srcEiPKvPKNS_17__class_type_infoES2_
                0x0000000010007b44       0x38 /usr/lib/gcc/arm-none-eabi/10.3.1/../../../arm-none-eabi/lib/thumb/v6-m/nofp/libstdc++.a(si_class_type_info.o)
                0x0000000010007b44                __cxxabiv1::__si_class_type_info::__do_find_public_src(int, void const*, __cxxabiv1::__class_type_info const*, void const*) const
 .text._ZNK10__cxxabiv120__si_class_type_info12__do_dyncastEiNS_17__class_type_info10__sub_kindEPKS1_PKvS4_S6_RNS1_16__dyncast_resultE
                0x0000000010007b7c       0x9c /usr/lib/gcc/arm-none-eabi/10.3.1/../../../arm-none-eabi/lib/thumb/v6-m/nofp/libstdc++.a(si_class_type_info.o)
                0x0000000010007b7c                __cxxabiv1::__si_class_type_info::__do_dyncast(int, __cxxabiv1::__class_type_info::__sub_kind, __cxxabiv1::__class_type_info const*, void const*, __cxxabiv1::__class_type_info const*, void const*, __cxxabiv1::__class_type_info::__dyncast_result&) const
 .text._ZNK10__cxxabiv120__si_class_type_info11__do_upcastEPKNS_17__class_type_infoEPKvRNS1_15__upcast_resultE
                0x0000000010007c18       0x24 /usr/lib/gcc/arm-none-eabi/10.3.1/../../../arm-none-eabi/lib/thumb/v6-m/nofp/libstdc++.a(si_class_type_info.o)
                0x0000000010007c18                __cxxabiv1::__si_class_type_info::__do_upcast(__cxxabiv1::__class_type_info const*, void const*, __cxxabiv1::__class_type_info::__upcast_result&) const
 .text._ZNSt9type_infoD2Ev
                0x0000000010007c3c        0x4 /usr/lib/gcc/arm-none-eabi/10.3.1/../../../arm-none-eabi/lib/thumb/v6-m/nofp/libstdc++.a(tinfo.o)
                0x0000000010007c3c                std::type_info::~type_info()
                0x0000000010007c3c                std::type_info::~type_info()
 .text._ZNKSt9type_info14__is_pointer_pEv
                0x0000000010007c40        0x4 /usr/lib/gcc/arm-none-eabi/10.3.1/../../../arm-none-eabi/lib/thumb/v6-m/nofp/libstdc++.a(tinfo.o)
                0x0000000010007c40                std::type_info::__is_function_p() const
                0x0000000010007c40                std::type_info::__is_pointer_p() const
 .text._ZNKSt9type_infoeqERKS_
                0x0000000010007c44       0x30 /usr/lib/gcc/arm-none-eabi/10.3.1/../../../arm-none-eabi/lib/thumb/v6-m/nofp/libstdc++.a(tinfo.o)
                0x0000000010007c44                std::type_info::operator==(std::type_info const&) const
 .text._ZNKSt20bad_array_new_length4whatEv
                0x0000000010007c74        0x8 /usr/lib/gcc/arm-none-eabi/10.3.1/../../../arm-none-eabi/lib/thumb/v6-m/nofp/libstdc++.a(bad_array_new.o)
                0x0000000010007c74                std::bad_array_new_length::what() const
 .text._ZNSt20bad_array_new_lengthD2Ev
                0x0000000010007c7c       0x18 /usr/lib/gcc/arm-none-eabi/10.3.1/../../../arm-none-eabi/lib/thumb/v6-m/nofp/libstdc++.a(bad_array_new.o)
                0x0000000010007c7c                std::bad_array_new_length::~bad_array_new_length()
                0x0000000010007c7c                std::bad_array_new_length::~bad_array_new_length()
 .text._ZNSt20bad_array_new_lengthD0Ev
                0x0000000010007c94       0x20 /usr/lib/gcc/arm-none-eabi/10.3.1/../../../arm-none-eabi/lib/thumb/v6-m/nofp/libstdc++.a(bad_array_new.o)
                0x0000000010007c94                std::bad_array_new_length::~bad_array_new_length()
 .text._ZNK10__cxxabiv117__class_type_info11__do_upcastEPKS0_PPv
                0x0000000010007cb4       0x34 /usr/lib/gcc/arm-none-eabi/10.3.1/../../../arm-none-eabi/lib/thumb/v6-m/nofp/libstdc++.a(class_type_info.o)
                0x0000000010007cb4                __cxxabiv1::__class_type_info::__do_upcast(__cxxabiv1::__class_type_info const*, void**) const
 .text._ZNK10__cxxabiv117__class_type_info20__do_find_public_srcEiPKvPKS0_S2_
                0x0000000010007ce8       0x14 /usr/lib/gcc/arm-none-eabi/10.3.1/../../../arm-none-eabi/lib/thumb/v6-m/nofp/libstdc++.a(class_type_info.o)
                0x0000000010007ce8                __cxxabiv1::__class_type_info::__do_find_public_src(int, void const*, __cxxabiv1::__class_type_info const*, void const*) const
 .text._ZN10__cxxabiv117__class_type_infoD2Ev
                0x0000000010007cfc       0x18 /usr/lib/gcc/arm-none-eabi/10.3.1/../../../arm-none-eabi/lib/thumb/v6-m/nofp/libstdc++.a(class_type_info.o)
                0x0000000010007cfc                __cxxabiv1::__class_type_info::~__class_type_info()
                0x0000000010007cfc                __cxxabiv1::__class_type_info::~__class_type_info()
 .text._ZN10__cxxabiv117__class_type_infoD0Ev
                0x0000000010007d14       0x20 /usr/lib/gcc/arm-none-eabi/10.3.1/../../../arm-none-eabi/lib/thumb/v6-m/nofp/libstdc++.a(class_type_info.o)
                0x0000000010007d14                __cxxabiv1::__class_type_info::~__class_type_info()
 .text._ZNK10__cxxabiv117__class_type_info12__do_dyncastEiNS0_10__sub_kindEPKS0_PKvS3_S5_RNS0_16__dyncast_resultE
                0x0000000010007d34       0x40 /usr/lib/gcc/arm-none-eabi/10.3.1/../../../arm-none-eabi/lib/thumb/v6-m/nofp/libstdc++.a(class_type_info.o)
                0x0000000010007d34                __cxxabiv1::__class_type_info::__do_dyncast(int, __cxxabiv1::__class_type_info::__sub_kind, __cxxabiv1::__class_type_info const*, void const*, __cxxabiv1::__class_type_info const*, void const*, __cxxabiv1::__class_type_info::__dyncast_result&) const
 .text._ZNK10__cxxabiv117__class_type_info11__do_upcastEPKS0_PKvRNS0_15__upcast_resultE
                0x0000000010007d74       0x1c /usr/lib/gcc/arm-none-eabi/10.3.1/../../../arm-none-eabi/lib/thumb/v6-m/nofp/libstdc++.a(class_type_info.o)
                0x0000000010007d74                __cxxabiv1::__class_type_info::__do_upcast(__cxxabiv1::__class_type_info const*, void const*, __cxxabiv1::__class_type_info::__upcast_result&) const
 .text._ZNK10__cxxabiv117__class_type_info10__do_catchEPKSt9type_infoPPvj
                0x0000000010007d90       0x24 /usr/lib/gcc/arm-none-eabi/10.3.1/../../../arm-none-eabi/lib/thumb/v6-m/nofp/libstdc++.a(class_type_info.o)
                0x0000000010007d90                __cxxabiv1::__class_type_info::__do_catch(std::type_info const*, void**, unsigned int) const
 .text._ZdlPvj  0x0000000010007db4        0x8 /usr/lib/gcc/arm-none-eabi/10.3.1/../../../arm-none-eabi/lib/thumb/v6-m/nofp/libstdc++.a(del_ops.o)
                0x0000000010007db4                operator delete(void*, unsigned int)
 .text._ZN12_GLOBAL__N_14pool4freeEPv.constprop.0
                0x0000000010007dbc       0x78 /usr/lib/gcc/arm-none-eabi/10.3.1/../../../arm-none-eabi/lib/thumb/v6-m/nofp/libstdc++.a(eh_alloc.o)
 .text._ZN12_GLOBAL__N_14pool8allocateEj.constprop.0
                0x0000000010007e34       0x54 /usr/lib/gcc/arm-none-eabi/10.3.1/../../../arm-none-eabi/lib/thumb/v6-m/nofp/libstdc++.a(eh_alloc.o)
 .text.__cxa_allocate_exception
                0x0000000010007e88       0x2c /usr/lib/gcc/arm-none-eabi/10.3.1/../../../arm-none-eabi/lib/thumb/v6-m/nofp/libstdc++.a(eh_alloc.o)
                0x0000000010007e88                __cxa_allocate_exception
 .text.__cxa_free_exception
                0x0000000010007eb4       0x24 /usr/lib/gcc/arm-none-eabi/10.3.1/../../../arm-none-eabi/lib/thumb/v6-m/nofp/libstdc++.a(eh_alloc.o)
                0x0000000010007eb4                __cxa_free_exception
 .text.startup._GLOBAL__sub_I__ZN9__gnu_cxx9__freeresEv
                0x0000000010007ed8       0x2c /usr/lib/gcc/arm-none-eabi/10.3.1/../../../arm-none-eabi/lib/thumb/v6-m/nofp/libstdc++.a(eh_alloc.o)
 .text._ZN10__cxxabiv1L24__is_gxx_exception_classEPc
                0x0000000010007f04       0x3c /usr/lib/gcc/arm-none-eabi/10.3.1/../../../arm-none-eabi/lib/thumb/v6-m/nofp/libstdc++.a(eh_call.o)
 .text.__cxa_call_terminate
                0x0000000010007f40       0x20 /usr/lib/gcc/arm-none-eabi/10.3.1/../../../arm-none-eabi/lib/thumb/v6-m/nofp/libstdc++.a(eh_call.o)
                0x0000000010007f40                __cxa_call_terminate
 .text.unlikely.__cxa_call_unexpected
                0x0000000010007f60      0x100 /usr/lib/gcc/arm-none-eabi/10.3.1/../../../arm-none-eabi/lib/thumb/v6-m/nofp/libstdc++.a(eh_call.o)
                0x0000000010007f60                __cxa_call_unexpected
 .text.__cxa_begin_catch
                0x0000000010008060       0x74 /usr/lib/gcc/arm-none-eabi/10.3.1/../../../arm-none-eabi/lib/thumb/v6-m/nofp/libstdc++.a(eh_catch.o)
                0x0000000010008060                __cxa_begin_catch
 .text.__cxa_end_catch
                0x00000000100080d4       0x90 /usr/lib/gcc/arm-none-eabi/10.3.1/../../../arm-none-eabi/lib/thumb/v6-m/nofp/libstdc++.a(eh_catch.o)
                0x00000000100080d4                __cxa_end_catch
 .text._Znwj    0x0000000010008164       0x40 /usr/lib/gcc/arm-none-eabi/10.3.1/../../../arm-none-eabi/lib/thumb/v6-m/nofp/libstdc++.a(new_op.o)
                0x0000000010008164                operator new(unsigned int)
 .text._ZNKSt9bad_alloc4whatEv
                0x00000000100081a4        0x8 /usr/lib/gcc/arm-none-eabi/10.3.1/../../../arm-none-eabi/lib/thumb/v6-m/nofp/libstdc++.a(bad_alloc.o)
                0x00000000100081a4                std::bad_alloc::what() const
 .text._ZNSt9bad_allocD2Ev
                0x00000000100081ac       0x18 /usr/lib/gcc/arm-none-eabi/10.3.1/../../../arm-none-eabi/lib/thumb/v6-m/nofp/libstdc++.a(bad_alloc.o)
                0x00000000100081ac                std::bad_alloc::~bad_alloc()
                0x00000000100081ac                std::bad_alloc::~bad_alloc()
 .text._ZNSt9bad_allocD0Ev
                0x00000000100081c4       0x20 /usr/lib/gcc/arm-none-eabi/10.3.1/../../../arm-none-eabi/lib/thumb/v6-m/nofp/libstdc++.a(bad_alloc.o)
                0x00000000100081c4                std::bad_alloc::~bad_alloc()
 .text._ZdlPv   0x00000000100081e4        0x8 /usr/lib/gcc/arm-none-eabi/10.3.1/../../../arm-none-eabi/lib/thumb/v6-m/nofp/libstdc++.a(del_op.o)
                0x00000000100081e4                operator delete(void*)
 .text._ZSt15get_new_handlerv
                0x00000000100081ec        0xc /usr/lib/gcc/arm-none-eabi/10.3.1/../../../arm-none-eabi/lib/thumb/v6-m/nofp/libstdc++.a(new_handler.o)
                0x00000000100081ec                std::get_new_handler()
 .text          0x00000000100081f8       0x10 /usr/lib/gcc/arm-none-eabi/10.3.1/../../../arm-none-eabi/lib/thumb/v6-m/nofp/libc.a(lib_a-abort.o)
                0x00000000100081f8                abort
 .text          0x0000000010008208       0x28 /usr/lib/gcc/arm-none-eabi/10.3.1/../../../arm-none-eabi/lib/thumb/v6-m/nofp/libc.a(lib_a-malloc.o)
                0x0000000010008208                malloc
                0x000000001000821c                free
 .text          0x0000000010008230      0x574 /usr/lib/gcc/arm-none-eabi/10.3.1/../../../arm-none-eabi/lib/thumb/v6-m/nofp/libc.a(lib_a-mallocr.o)
                0x0000000010008230                _malloc_r
 .text          0x00000000100087a4        0x8 /usr/lib/gcc/arm-none-eabi/10.3.1/../../../arm-none-eabi/lib/thumb/v6-m/nofp/libc.a(lib_a-mlock.o)
                0x00000000100087a4                __malloc_lock
                0x00000000100087a8                __malloc_unlock
 .text          0x00000000100087ac       0x48 /usr/lib/gcc/arm-none-eabi/10.3.1/../../../arm-none-eabi/lib/thumb/v6-m/nofp/libc.a(lib_a-rand.o)
                0x00000000100087ac                srand
                0x00000000100087c0                rand
 .text          0x00000000100087f4       0x24 /usr/lib/gcc/arm-none-eabi/10.3.1/../../../arm-none-eabi/lib/thumb/v6-m/nofp/libc.a(lib_a-sbrkr.o)
                0x00000000100087f4                _sbrk_r
 .text          0x0000000010008818      0x2a0 /usr/lib/gcc/arm-none-eabi/10.3.1/../../../arm-none-eabi/lib/thumb/v6-m/nofp/libc.a(lib_a-signal.o)
                0x0000000010008818                _init_signal_r
                0x000000001000884c                _signal_r
                0x00000000100088a4                _raise_r
                0x0000000010008900                __sigtramp_r
                0x0000000010008960                raise
                0x00000000100089c0                signal
                0x0000000010008a14                _init_signal
                0x0000000010008a50                __sigtramp
 .text          0x0000000010008ab8       0x30 /usr/lib/gcc/arm-none-eabi/10.3.1/../../../arm-none-eabi/lib/thumb/v6-m/nofp/libc.a(lib_a-signalr.o)
                0x0000000010008ab8                _kill_r
                0x0000000010008ae0                _getpid_r
 .text          0x0000000010008ae8       0x88 /usr/lib/gcc/arm-none-eabi/10.3.1/../../../arm-none-eabi/lib/thumb/v6-m/nofp/libc.a(lib_a-strcmp.o)
                0x0000000010008ae8                strcmp
 .text          0x0000000010008b70       0x5c /usr/lib/gcc/arm-none-eabi/10.3.1/../../../arm-none-eabi/lib/thumb/v6-m/nofp/libc.a(lib_a-strlen-stub.o)
                0x0000000010008b70                strlen
 .text          0x0000000010008bcc      0x260 /usr/lib/gcc/arm-none-eabi/10.3.1/../../../arm-none-eabi/lib/thumb/v6-m/nofp/libc.a(lib_a-freer.o)
                0x0000000010008bcc                _malloc_trim_r
                0x0000000010008c68                _free_r
 *(.fini)
 .fini          0x0000000010008e2c        0x4 /usr/lib/gcc/arm-none-eabi/10.3.1/thumb/v6-m/nofp/crti.o
                0x0000000010008e2c                _fini
 .fini.__stub   0x0000000010008e30      0x190 linker stubs
 *crtbegin.o(.ctors)
 *crtbegin?.o(.ctors)
 *(EXCLUDE_FILE(*crtend.o *crtend?.o) .ctors)
 *(SORT_BY_NAME(.ctors.*))
 *(.ctors)
 *crtbegin.o(.dtors)
 *crtbegin?.o(.dtors)
 *(EXCLUDE_FILE(*crtend.o *crtend?.o) .dtors)
 *(SORT_BY_NAME(.dtors.*))
 *(.dtors)
 *(.eh_frame*)
 .eh_frame      0x0000000010008fc0        0x0 /usr/lib/gcc/arm-none-eabi/10.3.1/thumb/v6-m/nofp/crtbegin.o
                0x0000000010008fc0                . = ALIGN (0x4)

.glue_7         0x0000000010008fc0        0x0
 .glue_7        0x0000000010008fc0        0x0 linker stubs

.glue_7t        0x0000000010008fc0        0x0
 .glue_7t       0x0000000010008fc0        0x0 linker stubs

.vfp11_veneer   0x0000000010008fc0        0x0
 .vfp11_veneer  0x0000000010008fc0        0x0 linker stubs

.v4_bx          0x0000000010008fc0        0x0
 .v4_bx         0x0000000010008fc0        0x0 linker stubs

.iplt           0x0000000010008fc0        0x0
 .iplt          0x0000000010008fc0        0x0 /usr/lib/gcc/arm-none-eabi/10.3.1/thumb/v6-m/nofp/crtbegin.o

.rodata         0x0000000010008fc0      0x8d0
 *(EXCLUDE_FILE(*libm.a: *libc.a:*lib_a-mem*.o *libgcc.a:) .rodata*)
 .rodata.main.str1.4
                0x0000000010008fc0       0xaf CMakeFiles/WS2812_Example.dir/example.cpp.obj
 *fill*         0x000000001000906f        0x1 
 .rodata._ZL14ws2812_program
                0x0000000010009070        0x6 CMakeFiles/WS2812_Example.dir/WS2812.cpp.obj
 *fill*         0x0000000010009076        0x2 
 .rodata._ZL27ws2812_program_instructions
                0x0000000010009078        0x8 CMakeFiles/WS2812_Example.dir/WS2812.cpp.obj
 .rodata.spin_lock_claim_unused.str1.4
                0x0000000010009080       0x1b CMakeFiles/WS2812_Example.dir/home/tarnished-dan22/RTOS_SP2023/pico/pico-sdk/src/rp2_common/hardware_sync/sync.c.obj
 *fill*         0x000000001000909b        0x1 
 .rodata.user_irq_claim_unused.str1.4
                0x000000001000909c       0x1b CMakeFiles/WS2812_Example.dir/home/tarnished-dan22/RTOS_SP2023/pico/pico-sdk/src/rp2_common/hardware_irq/irq.c.obj
 *fill*         0x00000000100090b7        0x1 
 .rodata.hardware_alarm_claim.str1.4
                0x00000000100090b8       0x22 CMakeFiles/WS2812_Example.dir/home/tarnished-dan22/RTOS_SP2023/pico/pico-sdk/src/rp2_common/hardware_timer/timer.c.obj
 *fill*         0x00000000100090da        0x2 
 .rodata.panic.str1.4
                0x00000000100090dc       0x12 CMakeFiles/WS2812_Example.dir/home/tarnished-dan22/RTOS_SP2023/pico/pico-sdk/src/rp2_common/pico_runtime/runtime.c.obj
 *fill*         0x00000000100090ee        0x2 
 .rodata.hard_assertion_failure.str1.4
                0x00000000100090f0        0xc CMakeFiles/WS2812_Example.dir/home/tarnished-dan22/RTOS_SP2023/pico/pico-sdk/src/rp2_common/pico_runtime/runtime.c.obj
 .rodata._ftoa.str1.4
                0x00000000100090fc       0x15 CMakeFiles/WS2812_Example.dir/home/tarnished-dan22/RTOS_SP2023/pico/pico-sdk/src/rp2_common/pico_printf/printf.c.obj
 *fill*         0x0000000010009111        0x3 
 .rodata._vsnprintf
                0x0000000010009114      0x1e0 CMakeFiles/WS2812_Example.dir/home/tarnished-dan22/RTOS_SP2023/pico/pico-sdk/src/rp2_common/pico_printf/printf.c.obj
 *fill*         0x00000000100092f4        0x4 
 .rodata.pow10.0
                0x00000000100092f8       0x50 CMakeFiles/WS2812_Example.dir/home/tarnished-dan22/RTOS_SP2023/pico/pico-sdk/src/rp2_common/pico_printf/printf.c.obj
 .rodata.missing_double_func_shim.str1.4
                0x0000000010009348       0x18 CMakeFiles/WS2812_Example.dir/home/tarnished-dan22/RTOS_SP2023/pico/pico-sdk/src/rp2_common/pico_double/double_init_rom.c.obj
 .rodata.missing_float_func_shim.str1.4
                0x0000000010009360       0x18 CMakeFiles/WS2812_Example.dir/home/tarnished-dan22/RTOS_SP2023/pico/pico-sdk/src/rp2_common/pico_float/float_init_rom.c.obj
                                          0x1 (size before relaxing)
 .rodata.__wrap_malloc.str1.4
                0x0000000010009360        0xe CMakeFiles/WS2812_Example.dir/home/tarnished-dan22/RTOS_SP2023/pico/pico-sdk/src/rp2_common/pico_malloc/pico_malloc.c.obj
 *fill*         0x000000001000936e        0x2 
 .rodata.str1.4
                0x0000000010009370       0x5c CMakeFiles/WS2812_Example.dir/home/tarnished-dan22/RTOS_SP2023/pico/pico-sdk/src/rp2_common/pico_standard_link/binary_info.c.obj
 .rodata.__bi_44
                0x00000000100093cc        0xc CMakeFiles/WS2812_Example.dir/home/tarnished-dan22/RTOS_SP2023/pico/pico-sdk/src/rp2_common/pico_standard_link/binary_info.c.obj
 .rodata.__bi_56
                0x00000000100093d8        0xc CMakeFiles/WS2812_Example.dir/home/tarnished-dan22/RTOS_SP2023/pico/pico-sdk/src/rp2_common/pico_standard_link/binary_info.c.obj
 .rodata.__bi_75
                0x00000000100093e4        0xc CMakeFiles/WS2812_Example.dir/home/tarnished-dan22/RTOS_SP2023/pico/pico-sdk/src/rp2_common/pico_standard_link/binary_info.c.obj
 .rodata.__bi_81
                0x00000000100093f0        0xc CMakeFiles/WS2812_Example.dir/home/tarnished-dan22/RTOS_SP2023/pico/pico-sdk/src/rp2_common/pico_standard_link/binary_info.c.obj
 .rodata.crlf_str.0
                0x00000000100093fc        0x2 CMakeFiles/WS2812_Example.dir/home/tarnished-dan22/RTOS_SP2023/pico/pico-sdk/src/rp2_common/pico_stdio/stdio.c.obj
 *fill*         0x00000000100093fe        0x2 
 .rodata.str1.4
                0x0000000010009400       0x2c CMakeFiles/WS2812_Example.dir/home/tarnished-dan22/RTOS_SP2023/pico/pico-sdk/src/rp2_common/pico_stdio_uart/stdio_uart.c.obj
 .rodata.__bi_33.4
                0x000000001000942c        0xc CMakeFiles/WS2812_Example.dir/home/tarnished-dan22/RTOS_SP2023/pico/pico-sdk/src/rp2_common/pico_stdio_uart/stdio_uart.c.obj
 .rodata.__bi_34.5
                0x0000000010009438        0x8 CMakeFiles/WS2812_Example.dir/home/tarnished-dan22/RTOS_SP2023/pico/pico-sdk/src/rp2_common/pico_stdio_uart/stdio_uart.c.obj
 .rodata._resetd_driver
                0x0000000010009440       0x18 CMakeFiles/WS2812_Example.dir/home/tarnished-dan22/RTOS_SP2023/pico/pico-sdk/src/rp2_common/pico_stdio_usb/reset_interface.c.obj
 .rodata.str1.4
                0x0000000010009458       0x13 CMakeFiles/WS2812_Example.dir/home/tarnished-dan22/RTOS_SP2023/pico/pico-sdk/src/rp2_common/pico_stdio_usb/stdio_usb.c.obj
 *fill*         0x000000001000946b        0x1 
 .rodata.__bi_188.0
                0x000000001000946c        0xc CMakeFiles/WS2812_Example.dir/home/tarnished-dan22/RTOS_SP2023/pico/pico-sdk/src/rp2_common/pico_stdio_usb/stdio_usb.c.obj
 .rodata.str1.4
                0x0000000010009478       0x2a CMakeFiles/WS2812_Example.dir/home/tarnished-dan22/RTOS_SP2023/pico/pico-sdk/src/rp2_common/pico_stdio_usb/stdio_usb_descriptors.c.obj
 *fill*         0x00000000100094a2        0x2 
 .rodata.usbd_desc_cfg
                0x00000000100094a4       0x54 CMakeFiles/WS2812_Example.dir/home/tarnished-dan22/RTOS_SP2023/pico/pico-sdk/src/rp2_common/pico_stdio_usb/stdio_usb_descriptors.c.obj
 .rodata.usbd_desc_device
                0x00000000100094f8       0x12 CMakeFiles/WS2812_Example.dir/home/tarnished-dan22/RTOS_SP2023/pico/pico-sdk/src/rp2_common/pico_stdio_usb/stdio_usb_descriptors.c.obj
 *fill*         0x000000001000950a        0x2 
 .rodata.usbd_desc_str
                0x000000001000950c       0x18 CMakeFiles/WS2812_Example.dir/home/tarnished-dan22/RTOS_SP2023/pico/pico-sdk/src/rp2_common/pico_stdio_usb/stdio_usb_descriptors.c.obj
 .rodata.str1.4
                0x0000000010009524       0x14 CMakeFiles/WS2812_Example.dir/home/tarnished-dan22/RTOS_SP2023/pico/pico-sdk/lib/tinyusb/src/portable/raspberrypi/rp2040/dcd_rp2040.c.obj
 .rodata.str1.4
                0x0000000010009538       0x49 CMakeFiles/WS2812_Example.dir/home/tarnished-dan22/RTOS_SP2023/pico/pico-sdk/lib/tinyusb/src/portable/raspberrypi/rp2040/rp2040_usb.c.obj
                                         0x53 (size before relaxing)
 *fill*         0x0000000010009581        0x3 
 .rodata.tud_task_ext
                0x0000000010009584       0x8c CMakeFiles/WS2812_Example.dir/home/tarnished-dan22/RTOS_SP2023/pico/pico-sdk/lib/tinyusb/src/device/usbd.c.obj
 .rodata._usbd_driver
                0x0000000010009610       0x18 CMakeFiles/WS2812_Example.dir/home/tarnished-dan22/RTOS_SP2023/pico/pico-sdk/lib/tinyusb/src/device/usbd.c.obj
 .rodata.pio_add_program.str1.4
                0x0000000010009628       0x11 CMakeFiles/WS2812_Example.dir/home/tarnished-dan22/RTOS_SP2023/pico/pico-sdk/src/rp2_common/hardware_pio/pio.c.obj
 *fill*         0x0000000010009639        0x3 
 .rodata._ZNKSt13bad_exception4whatEv.str1.4
                0x000000001000963c       0x13 /usr/lib/gcc/arm-none-eabi/10.3.1/../../../arm-none-eabi/lib/thumb/v6-m/nofp/libstdc++.a(eh_exception.o)
 *fill*         0x000000001000964f        0x1 
 .rodata._ZTIN10__cxxabiv115__forced_unwindE
                0x0000000010009650        0x8 /usr/lib/gcc/arm-none-eabi/10.3.1/../../../arm-none-eabi/lib/thumb/v6-m/nofp/libstdc++.a(eh_exception.o)
                0x0000000010009650                typeinfo for __cxxabiv1::__forced_unwind
 .rodata._ZTIN10__cxxabiv119__foreign_exceptionE
                0x0000000010009658        0x8 /usr/lib/gcc/arm-none-eabi/10.3.1/../../../arm-none-eabi/lib/thumb/v6-m/nofp/libstdc++.a(eh_exception.o)
                0x0000000010009658                typeinfo for __cxxabiv1::__foreign_exception
 .rodata._ZTISt13bad_exception
                0x0000000010009660        0xc /usr/lib/gcc/arm-none-eabi/10.3.1/../../../arm-none-eabi/lib/thumb/v6-m/nofp/libstdc++.a(eh_exception.o)
                0x0000000010009660                typeinfo for std::bad_exception
 .rodata._ZTISt9exception
                0x000000001000966c        0x8 /usr/lib/gcc/arm-none-eabi/10.3.1/../../../arm-none-eabi/lib/thumb/v6-m/nofp/libstdc++.a(eh_exception.o)
                0x000000001000966c                typeinfo for std::exception
 .rodata._ZTSN10__cxxabiv115__forced_unwindE
                0x0000000010009674       0x20 /usr/lib/gcc/arm-none-eabi/10.3.1/../../../arm-none-eabi/lib/thumb/v6-m/nofp/libstdc++.a(eh_exception.o)
                0x0000000010009674                typeinfo name for __cxxabiv1::__forced_unwind
 .rodata._ZTSN10__cxxabiv119__foreign_exceptionE
                0x0000000010009694       0x24 /usr/lib/gcc/arm-none-eabi/10.3.1/../../../arm-none-eabi/lib/thumb/v6-m/nofp/libstdc++.a(eh_exception.o)
                0x0000000010009694                typeinfo name for __cxxabiv1::__foreign_exception
 .rodata._ZTSSt13bad_exception
                0x00000000100096b8       0x12 /usr/lib/gcc/arm-none-eabi/10.3.1/../../../arm-none-eabi/lib/thumb/v6-m/nofp/libstdc++.a(eh_exception.o)
                0x00000000100096b8                typeinfo name for std::bad_exception
 *fill*         0x00000000100096ca        0x2 
 .rodata._ZTSSt9exception
                0x00000000100096cc        0xd /usr/lib/gcc/arm-none-eabi/10.3.1/../../../arm-none-eabi/lib/thumb/v6-m/nofp/libstdc++.a(eh_exception.o)
                0x00000000100096cc                typeinfo name for std::exception
 *fill*         0x00000000100096d9        0x3 
 .rodata._ZTVSt13bad_exception
                0x00000000100096dc       0x14 /usr/lib/gcc/arm-none-eabi/10.3.1/../../../arm-none-eabi/lib/thumb/v6-m/nofp/libstdc++.a(eh_exception.o)
                0x00000000100096dc                vtable for std::bad_exception
 .rodata._ZL28read_encoded_value_with_basehjPKhPj
                0x00000000100096f0       0x34 /usr/lib/gcc/arm-none-eabi/10.3.1/../../../arm-none-eabi/lib/thumb/v6-m/nofp/libstdc++.a(eh_personality.o)
 .rodata._ZTIN10__cxxabiv120__si_class_type_infoE
                0x0000000010009724        0xc /usr/lib/gcc/arm-none-eabi/10.3.1/../../../arm-none-eabi/lib/thumb/v6-m/nofp/libstdc++.a(si_class_type_info.o)
                0x0000000010009724                typeinfo for __cxxabiv1::__si_class_type_info
 .rodata._ZTSN10__cxxabiv120__si_class_type_infoE
                0x0000000010009730       0x25 /usr/lib/gcc/arm-none-eabi/10.3.1/../../../arm-none-eabi/lib/thumb/v6-m/nofp/libstdc++.a(si_class_type_info.o)
                0x0000000010009730                typeinfo name for __cxxabiv1::__si_class_type_info
 *fill*         0x0000000010009755        0x3 
 .rodata._ZTVN10__cxxabiv120__si_class_type_infoE
                0x0000000010009758       0x2c /usr/lib/gcc/arm-none-eabi/10.3.1/../../../arm-none-eabi/lib/thumb/v6-m/nofp/libstdc++.a(si_class_type_info.o)
                0x0000000010009758                vtable for __cxxabiv1::__si_class_type_info
 .rodata._ZTISt9type_info
                0x0000000010009784        0x8 /usr/lib/gcc/arm-none-eabi/10.3.1/../../../arm-none-eabi/lib/thumb/v6-m/nofp/libstdc++.a(tinfo.o)
                0x0000000010009784                typeinfo for std::type_info
 .rodata._ZTSSt9type_info
                0x000000001000978c        0xd /usr/lib/gcc/arm-none-eabi/10.3.1/../../../arm-none-eabi/lib/thumb/v6-m/nofp/libstdc++.a(tinfo.o)
                0x000000001000978c                typeinfo name for std::type_info
 *fill*         0x0000000010009799        0x3 
 .rodata._ZNKSt20bad_array_new_length4whatEv.str1.4
                0x000000001000979c       0x1a /usr/lib/gcc/arm-none-eabi/10.3.1/../../../arm-none-eabi/lib/thumb/v6-m/nofp/libstdc++.a(bad_array_new.o)
 *fill*         0x00000000100097b6        0x2 
 .rodata._ZTISt20bad_array_new_length
                0x00000000100097b8        0xc /usr/lib/gcc/arm-none-eabi/10.3.1/../../../arm-none-eabi/lib/thumb/v6-m/nofp/libstdc++.a(bad_array_new.o)
                0x00000000100097b8                typeinfo for std::bad_array_new_length
 .rodata._ZTSSt20bad_array_new_length
                0x00000000100097c4       0x19 /usr/lib/gcc/arm-none-eabi/10.3.1/../../../arm-none-eabi/lib/thumb/v6-m/nofp/libstdc++.a(bad_array_new.o)
                0x00000000100097c4                typeinfo name for std::bad_array_new_length
 *fill*         0x00000000100097dd        0x3 
 .rodata._ZTVSt20bad_array_new_length
                0x00000000100097e0       0x14 /usr/lib/gcc/arm-none-eabi/10.3.1/../../../arm-none-eabi/lib/thumb/v6-m/nofp/libstdc++.a(bad_array_new.o)
                0x00000000100097e0                vtable for std::bad_array_new_length
 .rodata._ZTIN10__cxxabiv117__class_type_infoE
                0x00000000100097f4        0xc /usr/lib/gcc/arm-none-eabi/10.3.1/../../../arm-none-eabi/lib/thumb/v6-m/nofp/libstdc++.a(class_type_info.o)
                0x00000000100097f4                typeinfo for __cxxabiv1::__class_type_info
 .rodata._ZTSN10__cxxabiv117__class_type_infoE
                0x0000000010009800       0x22 /usr/lib/gcc/arm-none-eabi/10.3.1/../../../arm-none-eabi/lib/thumb/v6-m/nofp/libstdc++.a(class_type_info.o)
                0x0000000010009800                typeinfo name for __cxxabiv1::__class_type_info